Archive member included to satisfy reference by file (symbol)

c:/st/stm32cubeide_1.4.0/stm32cubeide/plugins/com.st.stm32cube.ide.mcu.externaltools.gnu-tools-for-stm32.7-2018-q2-update.win32_1.4.0.202007081208/tools/bin/../lib/gcc/arm-none-eabi/7.3.1/../../../../arm-none-eabi/lib/thumb/v7e-m/fpv4-sp/hard\libc_nano.a(lib_a-exit.o)
                              c:/st/stm32cubeide_1.4.0/stm32cubeide/plugins/com.st.stm32cube.ide.mcu.externaltools.gnu-tools-for-stm32.7-2018-q2-update.win32_1.4.0.202007081208/tools/bin/../lib/gcc/arm-none-eabi/7.3.1/../../../../arm-none-eabi/lib/thumb/v7e-m/fpv4-sp/hard/crt0.o (exit)
c:/st/stm32cubeide_1.4.0/stm32cubeide/plugins/com.st.stm32cube.ide.mcu.externaltools.gnu-tools-for-stm32.7-2018-q2-update.win32_1.4.0.202007081208/tools/bin/../lib/gcc/arm-none-eabi/7.3.1/../../../../arm-none-eabi/lib/thumb/v7e-m/fpv4-sp/hard\libc_nano.a(lib_a-impure.o)
                              c:/st/stm32cubeide_1.4.0/stm32cubeide/plugins/com.st.stm32cube.ide.mcu.externaltools.gnu-tools-for-stm32.7-2018-q2-update.win32_1.4.0.202007081208/tools/bin/../lib/gcc/arm-none-eabi/7.3.1/../../../../arm-none-eabi/lib/thumb/v7e-m/fpv4-sp/hard\libc_nano.a(lib_a-exit.o) (_global_impure_ptr)
c:/st/stm32cubeide_1.4.0/stm32cubeide/plugins/com.st.stm32cube.ide.mcu.externaltools.gnu-tools-for-stm32.7-2018-q2-update.win32_1.4.0.202007081208/tools/bin/../lib/gcc/arm-none-eabi/7.3.1/../../../../arm-none-eabi/lib/thumb/v7e-m/fpv4-sp/hard\libc_nano.a(lib_a-init.o)
                              c:/st/stm32cubeide_1.4.0/stm32cubeide/plugins/com.st.stm32cube.ide.mcu.externaltools.gnu-tools-for-stm32.7-2018-q2-update.win32_1.4.0.202007081208/tools/bin/../lib/gcc/arm-none-eabi/7.3.1/../../../../arm-none-eabi/lib/thumb/v7e-m/fpv4-sp/hard/crt0.o (__libc_init_array)
c:/st/stm32cubeide_1.4.0/stm32cubeide/plugins/com.st.stm32cube.ide.mcu.externaltools.gnu-tools-for-stm32.7-2018-q2-update.win32_1.4.0.202007081208/tools/bin/../lib/gcc/arm-none-eabi/7.3.1/../../../../arm-none-eabi/lib/thumb/v7e-m/fpv4-sp/hard\libc_nano.a(lib_a-memset.o)
                              c:/st/stm32cubeide_1.4.0/stm32cubeide/plugins/com.st.stm32cube.ide.mcu.externaltools.gnu-tools-for-stm32.7-2018-q2-update.win32_1.4.0.202007081208/tools/bin/../lib/gcc/arm-none-eabi/7.3.1/../../../../arm-none-eabi/lib/thumb/v7e-m/fpv4-sp/hard/crt0.o (memset)
c:/st/stm32cubeide_1.4.0/stm32cubeide/plugins/com.st.stm32cube.ide.mcu.externaltools.gnu-tools-for-stm32.7-2018-q2-update.win32_1.4.0.202007081208/tools/bin/../lib/gcc/arm-none-eabi/7.3.1/../../../../arm-none-eabi/lib/thumb/v7e-m/fpv4-sp/hard\libnosys.a(_exit.o)
                              c:/st/stm32cubeide_1.4.0/stm32cubeide/plugins/com.st.stm32cube.ide.mcu.externaltools.gnu-tools-for-stm32.7-2018-q2-update.win32_1.4.0.202007081208/tools/bin/../lib/gcc/arm-none-eabi/7.3.1/../../../../arm-none-eabi/lib/thumb/v7e-m/fpv4-sp/hard\libc_nano.a(lib_a-exit.o) (_exit)

Allocating common symbols
Common symbol       size              file

hi2c1               0x4c              Core/Src/i2c.o
encoder_counter     0x4               Core/Src/main.o
uwTick              0x4               Drivers/STM32L4xx_HAL_Driver/Src/stm32l4xx_hal.o
htim3               0x4c              Core/Src/tim.o
hadc1               0x68              Core/Src/adc.o
data_sensor         0xc               Core/Src/main.o
hlptim1             0x38              Core/Src/lptim.o
hrtc                0x24              Core/Src/rtc.o
htim1               0x4c              Core/Src/tim.o
htim2               0x4c              Core/Src/tim.o

Discarded input sections

 .text          0x0000000000000000        0x0 c:/st/stm32cubeide_1.4.0/stm32cubeide/plugins/com.st.stm32cube.ide.mcu.externaltools.gnu-tools-for-stm32.7-2018-q2-update.win32_1.4.0.202007081208/tools/bin/../lib/gcc/arm-none-eabi/7.3.1/thumb/v7e-m/fpv4-sp/hard/crti.o
 .data          0x0000000000000000        0x0 c:/st/stm32cubeide_1.4.0/stm32cubeide/plugins/com.st.stm32cube.ide.mcu.externaltools.gnu-tools-for-stm32.7-2018-q2-update.win32_1.4.0.202007081208/tools/bin/../lib/gcc/arm-none-eabi/7.3.1/thumb/v7e-m/fpv4-sp/hard/crti.o
 .bss           0x0000000000000000        0x0 c:/st/stm32cubeide_1.4.0/stm32cubeide/plugins/com.st.stm32cube.ide.mcu.externaltools.gnu-tools-for-stm32.7-2018-q2-update.win32_1.4.0.202007081208/tools/bin/../lib/gcc/arm-none-eabi/7.3.1/thumb/v7e-m/fpv4-sp/hard/crti.o
 .data          0x0000000000000000        0x4 c:/st/stm32cubeide_1.4.0/stm32cubeide/plugins/com.st.stm32cube.ide.mcu.externaltools.gnu-tools-for-stm32.7-2018-q2-update.win32_1.4.0.202007081208/tools/bin/../lib/gcc/arm-none-eabi/7.3.1/thumb/v7e-m/fpv4-sp/hard/crtbegin.o
 .text          0x0000000000000000       0x74 c:/st/stm32cubeide_1.4.0/stm32cubeide/plugins/com.st.stm32cube.ide.mcu.externaltools.gnu-tools-for-stm32.7-2018-q2-update.win32_1.4.0.202007081208/tools/bin/../lib/gcc/arm-none-eabi/7.3.1/../../../../arm-none-eabi/lib/thumb/v7e-m/fpv4-sp/hard/crt0.o
[...]
Memory Configuration

Name             Origin             Length             Attributes
RAM              0x0000000020000000 0x0000000000028000 xrw
FLASH            0x0000000008000000 0x0000000000080000 xr
*default*        0x0000000000000000 0xffffffffffffffff

Linker script and memory map

LOAD c:/st/stm32cubeide_1.4.0/stm32cubeide/plugins/com.st.stm32cube.ide.mcu.externaltools.gnu-tools-for-stm32.7-2018-q2-update.win32_1.4.0.202007081208/tools/bin/../lib/gcc/arm-none-eabi/7.3.1/thumb/v7e-m/fpv4-sp/hard/crti.o
LOAD c:/st/stm32cubeide_1.4.0/stm32cubeide/plugins/com.st.stm32cube.ide.mcu.externaltools.gnu-tools-for-stm32.7-2018-q2-update.win32_1.4.0.202007081208/tools/bin/../lib/gcc/arm-none-eabi/7.3.1/thumb/v7e-m/fpv4-sp/hard/crtbegin.o
LOAD c:/st/stm32cubeide_1.4.0/stm32cubeide/plugins/com.st.stm32cube.ide.mcu.externaltools.gnu-tools-for-stm32.7-2018-q2-update.win32_1.4.0.202007081208/tools/bin/../lib/gcc/arm-none-eabi/7.3.1/../../../../arm-none-eabi/lib/thumb/v7e-m/fpv4-sp/hard/crt0.o
LOAD Core/Src/adc.o
LOAD Core/Src/gpio.o
LOAD Core/Src/i2c.o
LOAD Core/Src/lptim.o
LOAD Core/Src/main.o
LOAD Core/Src/rtc.o
LOAD Core/Src/stm32l4xx_hal_msp.o
LOAD Core/Src/stm32l4xx_it.o
LOAD Core/Src/system_stm32l4xx.o
LOAD Core/Src/tim.o
LOAD Core/Src/application/PID.o
LOAD Core/Src/application/encoder.o
LOAD Core/Src/application/ponte_h.o
LOAD Core/Src/application/sensor_optico.o
LOAD Core/Startup/startup_stm32l462retx.o
LOAD Drivers/STM32L4xx_HAL_Driver/Src/stm32l4xx_hal.o
LOAD Drivers/STM32L4xx_HAL_Driver/Src/stm32l4xx_hal_adc.o
LOAD Drivers/STM32L4xx_HAL_Driver/Src/stm32l4xx_hal_adc_ex.o
LOAD Drivers/STM32L4xx_HAL_Driver/Src/stm32l4xx_hal_cortex.o
LOAD Drivers/STM32L4xx_HAL_Driver/Src/stm32l4xx_hal_dma.o
LOAD Drivers/STM32L4xx_HAL_Driver/Src/stm32l4xx_hal_dma_ex.o
LOAD Drivers/STM32L4xx_HAL_Driver/Src/stm32l4xx_hal_exti.o
LOAD Drivers/STM32L4xx_HAL_Driver/Src/stm32l4xx_hal_flash.o
LOAD Drivers/STM32L4xx_HAL_Driver/Src/stm32l4xx_hal_flash_ex.o
LOAD Drivers/STM32L4xx_HAL_Driver/Src/stm32l4xx_hal_flash_ramfunc.o
LOAD Drivers/STM32L4xx_HAL_Driver/Src/stm32l4xx_hal_gpio.o
LOAD Drivers/STM32L4xx_HAL_Driver/Src/stm32l4xx_hal_i2c.o
LOAD Drivers/STM32L4xx_HAL_Driver/Src/stm32l4xx_hal_i2c_ex.o
LOAD Drivers/STM32L4xx_HAL_Driver/Src/stm32l4xx_hal_lptim.o
LOAD Drivers/STM32L4xx_HAL_Driver/Src/stm32l4xx_hal_pwr.o
LOAD Drivers/STM32L4xx_HAL_Driver/Src/stm32l4xx_hal_pwr_ex.o
LOAD Drivers/STM32L4xx_HAL_Driver/Src/stm32l4xx_hal_rcc.o
LOAD Drivers/STM32L4xx_HAL_Driver/Src/stm32l4xx_hal_rcc_ex.o
LOAD Drivers/STM32L4xx_HAL_Driver/Src/stm32l4xx_hal_rtc.o
LOAD Drivers/STM32L4xx_HAL_Driver/Src/stm32l4xx_hal_rtc_ex.o
LOAD Drivers/STM32L4xx_HAL_Driver/Src/stm32l4xx_hal_tim.o
LOAD Drivers/STM32L4xx_HAL_Driver/Src/stm32l4xx_hal_tim_ex.o
START GROUP
LOAD c:/st/stm32cubeide_1.4.0/stm32cubeide/plugins/com.st.stm32cube.ide.mcu.externaltools.gnu-tools-for-stm32.7-2018-q2-update.win32_1.4.0.202007081208/tools/bin/../lib/gcc/arm-none-eabi/7.3.1/../../../../arm-none-eabi/lib/thumb/v7e-m/fpv4-sp/hard\libc_nano.a
LOAD c:/st/stm32cubeide_1.4.0/stm32cubeide/plugins/com.st.stm32cube.ide.mcu.externaltools.gnu-tools-for-stm32.7-2018-q2-update.win32_1.4.0.202007081208/tools/bin/../lib/gcc/arm-none-eabi/7.3.1/../../../../arm-none-eabi/lib/thumb/v7e-m/fpv4-sp/hard\libm.a
END GROUP
START GROUP
LOAD c:/st/stm32cubeide_1.4.0/stm32cubeide/plugins/com.st.stm32cube.ide.mcu.externaltools.gnu-tools-for-stm32.7-2018-q2-update.win32_1.4.0.202007081208/tools/bin/../lib/gcc/arm-none-eabi/7.3.1/thumb/v7e-m/fpv4-sp/hard\libgcc.a
LOAD c:/st/stm32cubeide_1.4.0/stm32cubeide/plugins/com.st.stm32cube.ide.mcu.externaltools.gnu-tools-for-stm32.7-2018-q2-update.win32_1.4.0.202007081208/tools/bin/../lib/gcc/arm-none-eabi/7.3.1/../../../../arm-none-eabi/lib/thumb/v7e-m/fpv4-sp/hard\libc_nano.a
END GROUP
START GROUP
LOAD c:/st/stm32cubeide_1.4.0/stm32cubeide/plugins/com.st.stm32cube.ide.mcu.externaltools.gnu-tools-for-stm32.7-2018-q2-update.win32_1.4.0.202007081208/tools/bin/../lib/gcc/arm-none-eabi/7.3.1/thumb/v7e-m/fpv4-sp/hard\libgcc.a
LOAD c:/st/stm32cubeide_1.4.0/stm32cubeide/plugins/com.st.stm32cube.ide.mcu.externaltools.gnu-tools-for-stm32.7-2018-q2-update.win32_1.4.0.202007081208/tools/bin/../lib/gcc/arm-none-eabi/7.3.1/../../../../arm-none-eabi/lib/thumb/v7e-m/fpv4-sp/hard\libc_nano.a
LOAD c:/st/stm32cubeide_1.4.0/stm32cubeide/plugins/com.st.stm32cube.ide.mcu.externaltools.gnu-tools-for-stm32.7-2018-q2-update.win32_1.4.0.202007081208/tools/bin/../lib/gcc/arm-none-eabi/7.3.1/../../../../arm-none-eabi/lib/thumb/v7e-m/fpv4-sp/hard\libnosys.a
END GROUP
START GROUP
LOAD c:/st/stm32cubeide_1.4.0/stm32cubeide/plugins/com.st.stm32cube.ide.mcu.externaltools.gnu-tools-for-stm32.7-2018-q2-update.win32_1.4.0.202007081208/tools/bin/../lib/gcc/arm-none-eabi/7.3.1/thumb/v7e-m/fpv4-sp/hard\libgcc.a
LOAD c:/st/stm32cubeide_1.4.0/stm32cubeide/plugins/com.st.stm32cube.ide.mcu.externaltools.gnu-tools-for-stm32.7-2018-q2-update.win32_1.4.0.202007081208/tools/bin/../lib/gcc/arm-none-eabi/7.3.1/../../../../arm-none-eabi/lib/thumb/v7e-m/fpv4-sp/hard\libc_nano.a
LOAD c:/st/stm32cubeide_1.4.0/stm32cubeide/plugins/com.st.stm32cube.ide.mcu.externaltools.gnu-tools-for-stm32.7-2018-q2-update.win32_1.4.0.202007081208/tools/bin/../lib/gcc/arm-none-eabi/7.3.1/../../../../arm-none-eabi/lib/thumb/v7e-m/fpv4-sp/hard\libnosys.a
END GROUP
LOAD c:/st/stm32cubeide_1.4.0/stm32cubeide/plugins/com.st.stm32cube.ide.mcu.externaltools.gnu-tools-for-stm32.7-2018-q2-update.win32_1.4.0.202007081208/tools/bin/../lib/gcc/arm-none-eabi/7.3.1/thumb/v7e-m/fpv4-sp/hard/crtend.o
LOAD c:/st/stm32cubeide_1.4.0/stm32cubeide/plugins/com.st.stm32cube.ide.mcu.externaltools.gnu-tools-for-stm32.7-2018-q2-update.win32_1.4.0.202007081208/tools/bin/../lib/gcc/arm-none-eabi/7.3.1/thumb/v7e-m/fpv4-sp/hard/crtn.o
                0x0000000020028000                _estack = (ORIGIN (RAM) + LENGTH (RAM))
                0x0000000000000200                _Min_Heap_Size = 0x200
                0x0000000000000400                _Min_Stack_Size = 0x400

.isr_vector     0x0000000008000000      0x194
                0x0000000008000000                . = ALIGN (0x4)
 *(.isr_vector)
 .isr_vector    0x0000000008000000      0x194 Core/Startup/startup_stm32l462retx.o
                0x0000000008000000                g_pfnVectors
                0x0000000008000194                . = ALIGN (0x4)

.text           0x0000000008000194     0x688c
                0x0000000008000194                . = ALIGN (0x4)
 *(.text)
 .text          0x0000000008000194       0x40 c:/st/stm32cubeide_1.4.0/stm32cubeide/plugins/com.st.stm32cube.ide.mcu.externaltools.gnu-tools-for-stm32.7-2018-q2-update.win32_1.4.0.202007081208/tools/bin/../lib/gcc/arm-none-eabi/7.3.1/thumb/v7e-m/fpv4-sp/hard/crtbegin.o
 *(.text*)
 .text.MX_ADC1_Init
                0x00000000080001d4       0xc8 Core/Src/adc.o
                0x00000000080001d4                MX_ADC1_Init
 .text.HAL_ADC_MspInit
                0x000000000800029c       0x90 Core/Src/adc.o
                0x000000000800029c                HAL_ADC_MspInit
 .text.MX_GPIO_Init
                0x000000000800032c       0xe4 Core/Src/gpio.o
                0x000000000800032c                MX_GPIO_Init
 .text.MX_I2C1_Init
                0x0000000008000410       0x7c Core/Src/i2c.o
                0x0000000008000410                MX_I2C1_Init
 .text.HAL_I2C_MspInit
                0x000000000800048c       0xa8 Core/Src/i2c.o
                0x000000000800048c                HAL_I2C_MspInit
 .text.MX_LPTIM1_Init
                0x0000000008000534       0x68 Core/Src/lptim.o
                0x0000000008000534                MX_LPTIM1_Init
 .text.HAL_LPTIM_MspInit
                0x000000000800059c       0xd4 Core/Src/lptim.o
                0x000000000800059c                HAL_LPTIM_MspInit
 .text.main     0x0000000008000670       0x90 Core/Src/main.o
                0x0000000008000670                main
 .text.SystemClock_Config
                0x0000000008000700      0x118 Core/Src/main.o
                0x0000000008000700                SystemClock_Config
 .text.Error_Handler
                0x0000000008000818        0xe Core/Src/main.o
                0x0000000008000818                Error_Handler
 *fill*         0x0000000008000826        0x2 
 .text.MX_RTC_Init
                0x0000000008000828       0xb8 Core/Src/rtc.o
                0x0000000008000828                MX_RTC_Init
 .text.HAL_RTC_MspInit
                0x00000000080008e0       0x38 Core/Src/rtc.o
                0x00000000080008e0                HAL_RTC_MspInit
 .text.HAL_MspInit
                0x0000000008000918       0x48 Core/Src/stm32l4xx_hal_msp.o
                0x0000000008000918                HAL_MspInit
 .text.NMI_Handler
                0x0000000008000960        0xe Core/Src/stm32l4xx_it.o
                0x0000000008000960                NMI_Handler
 .text.HardFault_Handler
                0x000000000800096e        0x6 Core/Src/stm32l4xx_it.o
                0x000000000800096e                HardFault_Handler
 .text.MemManage_Handler
                0x0000000008000974        0x6 Core/Src/stm32l4xx_it.o
                0x0000000008000974                MemManage_Handler
 .text.BusFault_Handler
                0x000000000800097a        0x6 Core/Src/stm32l4xx_it.o
                0x000000000800097a                BusFault_Handler
 .text.UsageFault_Handler
                0x0000000008000980        0x6 Core/Src/stm32l4xx_it.o
                0x0000000008000980                UsageFault_Handler
 .text.SVC_Handler
                0x0000000008000986        0xe Core/Src/stm32l4xx_it.o
                0x0000000008000986                SVC_Handler
 .text.DebugMon_Handler
                0x0000000008000994        0xe Core/Src/stm32l4xx_it.o
                0x0000000008000994                DebugMon_Handler
 .text.PendSV_Handler
                0x00000000080009a2        0xe Core/Src/stm32l4xx_it.o
                0x00000000080009a2                PendSV_Handler
 .text.SysTick_Handler
                0x00000000080009b0        0xc Core/Src/stm32l4xx_it.o
                0x00000000080009b0                SysTick_Handler
 .text.ADC1_IRQHandler
                0x00000000080009bc       0x14 Core/Src/stm32l4xx_it.o
                0x00000000080009bc                ADC1_IRQHandler
 .text.TIM3_IRQHandler
                0x00000000080009d0       0x14 Core/Src/stm32l4xx_it.o
                0x00000000080009d0                TIM3_IRQHandler
 .text.I2C1_EV_IRQHandler
                0x00000000080009e4       0x14 Core/Src/stm32l4xx_it.o
                0x00000000080009e4                I2C1_EV_IRQHandler
 .text.I2C1_ER_IRQHandler
                0x00000000080009f8       0x14 Core/Src/stm32l4xx_it.o
                0x00000000080009f8                I2C1_ER_IRQHandler
 .text.LPTIM1_IRQHandler
                0x0000000008000a0c       0x14 Core/Src/stm32l4xx_it.o
                0x0000000008000a0c                LPTIM1_IRQHandler
 .text.SystemInit
                0x0000000008000a20       0x6c Core/Src/system_stm32l4xx.o
                0x0000000008000a20                SystemInit
 .text.MX_TIM1_Init
                0x0000000008000a8c      0x188 Core/Src/tim.o
                0x0000000008000a8c                MX_TIM1_Init
 .text.HAL_TIM_Base_MspInit
                0x0000000008000c14       0x74 Core/Src/tim.o
                0x0000000008000c14                HAL_TIM_Base_MspInit
 .text.HAL_TIM_PWM_MspInit
                0x0000000008000c88       0x3c Core/Src/tim.o
                0x0000000008000c88                HAL_TIM_PWM_MspInit
 .text.HAL_TIM_MspPostInit
                0x0000000008000cc4       0xb4 Core/Src/tim.o
                0x0000000008000cc4                HAL_TIM_MspPostInit
 .text.vTaskCalcularPID
                0x0000000008000d78       0x2e Core/Src/application/PID.o
                0x0000000008000d78                vTaskCalcularPID
 *fill*         0x0000000008000da6        0x2 
 .text.start_motor_1
                0x0000000008000da8       0x5c Core/Src/application/ponte_h.o
                0x0000000008000da8                start_motor_1
 .text.start_motor_2
                0x0000000008000e04       0x60 Core/Src/application/ponte_h.o
                0x0000000008000e04                start_motor_2
 .text.start_motor_1_2
                0x0000000008000e64       0xa8 Core/Src/application/ponte_h.o
                0x0000000008000e64                start_motor_1_2
 .text.stopt_motor
                0x0000000008000f0c       0x20 Core/Src/application/ponte_h.o
                0x0000000008000f0c                stopt_motor
 .text.get_sensor_optico
                0x0000000008000f2c       0x48 Core/Src/application/sensor_optico.o
                0x0000000008000f2c                get_sensor_optico
 .text.Reset_Handler
                0x0000000008000f74       0x50 Core/Startup/startup_stm32l462retx.o
                0x0000000008000f74                Reset_Handler
 .text.Default_Handler
                0x0000000008000fc4        0x2 Core/Startup/startup_stm32l462retx.o
                0x0000000008000fc4                RTC_Alarm_IRQHandler
                0x0000000008000fc4                EXTI2_IRQHandler
                0x0000000008000fc4                TIM1_CC_IRQHandler
                0x0000000008000fc4                TSC_IRQHandler
                0x0000000008000fc4                TAMP_STAMP_IRQHandler
                0x0000000008000fc4                EXTI3_IRQHandler
                0x0000000008000fc4                LPTIM2_IRQHandler
                0x0000000008000fc4                DFSDM1_FLT1_IRQHandler
                0x0000000008000fc4                I2C3_ER_IRQHandler
                0x0000000008000fc4                EXTI0_IRQHandler
                0x0000000008000fc4                I2C2_EV_IRQHandler
                0x0000000008000fc4                CAN1_RX0_IRQHandler
                0x0000000008000fc4                FPU_IRQHandler
                0x0000000008000fc4                TIM1_UP_TIM16_IRQHandler
                0x0000000008000fc4                SPI1_IRQHandler
                0x0000000008000fc4                TIM6_DAC_IRQHandler
                0x0000000008000fc4                DMA2_Channel2_IRQHandler
                0x0000000008000fc4                DMA1_Channel4_IRQHandler
                0x0000000008000fc4                USART3_IRQHandler
                0x0000000008000fc4                DMA1_Channel7_IRQHandler
                0x0000000008000fc4                CAN1_RX1_IRQHandler
                0x0000000008000fc4                DMA2_Channel1_IRQHandler
                0x0000000008000fc4                QUADSPI_IRQHandler
                0x0000000008000fc4                DMA1_Channel6_IRQHandler
                0x0000000008000fc4                UART4_IRQHandler
                0x0000000008000fc4                DMA2_Channel4_IRQHandler
                0x0000000008000fc4                RCC_IRQHandler
                0x0000000008000fc4                TIM1_TRG_COM_IRQHandler
                0x0000000008000fc4                DMA1_Channel1_IRQHandler
                0x0000000008000fc4                Default_Handler
                0x0000000008000fc4                DMA2_Channel7_IRQHandler
                0x0000000008000fc4                EXTI15_10_IRQHandler
                0x0000000008000fc4                SDMMC1_IRQHandler
                0x0000000008000fc4                I2C3_EV_IRQHandler
                0x0000000008000fc4                USB_IRQHandler
                0x0000000008000fc4                EXTI9_5_IRQHandler
                0x0000000008000fc4                RTC_WKUP_IRQHandler
                0x0000000008000fc4                PVD_PVM_IRQHandler
                0x0000000008000fc4                SPI2_IRQHandler
                0x0000000008000fc4                CAN1_TX_IRQHandler
                0x0000000008000fc4                DMA2_Channel5_IRQHandler
                0x0000000008000fc4                CRS_IRQHandler
                0x0000000008000fc4                DMA1_Channel5_IRQHandler
                0x0000000008000fc4                EXTI4_IRQHandler
                0x0000000008000fc4                RNG_IRQHandler
                0x0000000008000fc4                DMA1_Channel3_IRQHandler
                0x0000000008000fc4                COMP_IRQHandler
                0x0000000008000fc4                WWDG_IRQHandler
                0x0000000008000fc4                I2C4_EV_IRQHandler
                0x0000000008000fc4                LPUART1_IRQHandler
                0x0000000008000fc4                DMA2_Channel6_IRQHandler
                0x0000000008000fc4                TIM2_IRQHandler
                0x0000000008000fc4                EXTI1_IRQHandler
                0x0000000008000fc4                AES_IRQHandler
                0x0000000008000fc4                USART2_IRQHandler
                0x0000000008000fc4                DFSDM1_FLT0_IRQHandler
                0x0000000008000fc4                I2C2_ER_IRQHandler
                0x0000000008000fc4                DMA1_Channel2_IRQHandler
                0x0000000008000fc4                CAN1_SCE_IRQHandler
                0x0000000008000fc4                FLASH_IRQHandler
                0x0000000008000fc4                USART1_IRQHandler
                0x0000000008000fc4                SPI3_IRQHandler
                0x0000000008000fc4                I2C4_ER_IRQHandler
                0x0000000008000fc4                SAI1_IRQHandler
                0x0000000008000fc4                DMA2_Channel3_IRQHandler
                0x0000000008000fc4                TIM1_BRK_TIM15_IRQHandler
 .text.HAL_Init
                0x0000000008000fc6       0x30 Drivers/STM32L4xx_HAL_Driver/Src/stm32l4xx_hal.o
                0x0000000008000fc6                HAL_Init
 *fill*         0x0000000008000ff6        0x2 
 .text.HAL_InitTick
                0x0000000008000ff8       0x78 Drivers/STM32L4xx_HAL_Driver/Src/stm32l4xx_hal.o
                0x0000000008000ff8                HAL_InitTick
 .text.HAL_IncTick
                0x0000000008001070       0x28 Drivers/STM32L4xx_HAL_Driver/Src/stm32l4xx_hal.o
                0x0000000008001070                HAL_IncTick
 .text.HAL_GetTick
                0x0000000008001098       0x18 Drivers/STM32L4xx_HAL_Driver/Src/stm32l4xx_hal.o
                0x0000000008001098                HAL_GetTick
 .text.LL_ADC_SetCommonClock
                0x00000000080010b0       0x26 Drivers/STM32L4xx_HAL_Driver/Src/stm32l4xx_hal_adc.o
 .text.LL_ADC_SetCommonPathInternalCh
                0x00000000080010d6       0x26 Drivers/STM32L4xx_HAL_Driver/Src/stm32l4xx_hal_adc.o
 .text.LL_ADC_GetCommonPathInternalCh
                0x00000000080010fc       0x1c Drivers/STM32L4xx_HAL_Driver/Src/stm32l4xx_hal_adc.o
 .text.LL_ADC_SetOffset
                0x0000000008001118       0x48 Drivers/STM32L4xx_HAL_Driver/Src/stm32l4xx_hal_adc.o
 .text.LL_ADC_GetOffsetChannel
                0x0000000008001160       0x2c Drivers/STM32L4xx_HAL_Driver/Src/stm32l4xx_hal_adc.o
 .text.LL_ADC_SetOffsetState
                0x000000000800118c       0x36 Drivers/STM32L4xx_HAL_Driver/Src/stm32l4xx_hal_adc.o
 .text.LL_ADC_SetSamplingTimeCommonConfig
                0x00000000080011c2       0x26 Drivers/STM32L4xx_HAL_Driver/Src/stm32l4xx_hal_adc.o
 .text.LL_ADC_REG_IsTriggerSourceSWStart
                0x00000000080011e8       0x26 Drivers/STM32L4xx_HAL_Driver/Src/stm32l4xx_hal_adc.o
 .text.LL_ADC_REG_SetSequencerRanks
                0x000000000800120e       0x58 Drivers/STM32L4xx_HAL_Driver/Src/stm32l4xx_hal_adc.o
 .text.LL_ADC_INJ_IsTriggerSourceSWStart
                0x0000000008001266       0x26 Drivers/STM32L4xx_HAL_Driver/Src/stm32l4xx_hal_adc.o
 .text.LL_ADC_SetChannelSamplingTime
                0x000000000800128c       0x56 Drivers/STM32L4xx_HAL_Driver/Src/stm32l4xx_hal_adc.o
 *fill*         0x00000000080012e2        0x2 
 .text.LL_ADC_SetChannelSingleDiff
                0x00000000080012e4       0x48 Drivers/STM32L4xx_HAL_Driver/Src/stm32l4xx_hal_adc.o
 .text.LL_ADC_DisableDeepPowerDown
                0x000000000800132c       0x24 Drivers/STM32L4xx_HAL_Driver/Src/stm32l4xx_hal_adc.o
 .text.LL_ADC_IsDeepPowerDownEnabled
                0x0000000008001350       0x28 Drivers/STM32L4xx_HAL_Driver/Src/stm32l4xx_hal_adc.o
 .text.LL_ADC_EnableInternalRegulator
                0x0000000008001378       0x28 Drivers/STM32L4xx_HAL_Driver/Src/stm32l4xx_hal_adc.o
 .text.LL_ADC_IsInternalRegulatorEnabled
                0x00000000080013a0       0x28 Drivers/STM32L4xx_HAL_Driver/Src/stm32l4xx_hal_adc.o
 .text.LL_ADC_Enable
                0x00000000080013c8       0x28 Drivers/STM32L4xx_HAL_Driver/Src/stm32l4xx_hal_adc.o
 .text.LL_ADC_IsEnabled
                0x00000000080013f0       0x26 Drivers/STM32L4xx_HAL_Driver/Src/stm32l4xx_hal_adc.o
 .text.LL_ADC_REG_StartConversion
                0x0000000008001416       0x28 Drivers/STM32L4xx_HAL_Driver/Src/stm32l4xx_hal_adc.o
 .text.LL_ADC_REG_IsConversionOngoing
                0x000000000800143e       0x26 Drivers/STM32L4xx_HAL_Driver/Src/stm32l4xx_hal_adc.o
 .text.LL_ADC_INJ_IsConversionOngoing
                0x0000000008001464       0x26 Drivers/STM32L4xx_HAL_Driver/Src/stm32l4xx_hal_adc.o
 *fill*         0x000000000800148a        0x2 
 .text.HAL_ADC_Init
                0x000000000800148c      0x294 Drivers/STM32L4xx_HAL_Driver/Src/stm32l4xx_hal_adc.o
                0x000000000800148c                HAL_ADC_Init
 .text.HAL_ADC_Start
                0x0000000008001720       0xc6 Drivers/STM32L4xx_HAL_Driver/Src/stm32l4xx_hal_adc.o
                0x0000000008001720                HAL_ADC_Start
 .text.HAL_ADC_PollForConversion
                0x00000000080017e6      0x110 Drivers/STM32L4xx_HAL_Driver/Src/stm32l4xx_hal_adc.o
                0x00000000080017e6                HAL_ADC_PollForConversion
 .text.HAL_ADC_GetValue
                0x00000000080018f6       0x1a Drivers/STM32L4xx_HAL_Driver/Src/stm32l4xx_hal_adc.o
                0x00000000080018f6                HAL_ADC_GetValue
 .text.HAL_ADC_IRQHandler
                0x0000000008001910      0x368 Drivers/STM32L4xx_HAL_Driver/Src/stm32l4xx_hal_adc.o
                0x0000000008001910                HAL_ADC_IRQHandler
 .text.HAL_ADC_ConvCpltCallback
                0x0000000008001c78       0x14 Drivers/STM32L4xx_HAL_Driver/Src/stm32l4xx_hal_adc.o
                0x0000000008001c78                HAL_ADC_ConvCpltCallback
 .text.HAL_ADC_LevelOutOfWindowCallback
                0x0000000008001c8c       0x14 Drivers/STM32L4xx_HAL_Driver/Src/stm32l4xx_hal_adc.o
                0x0000000008001c8c                HAL_ADC_LevelOutOfWindowCallback
 .text.HAL_ADC_ErrorCallback
                0x0000000008001ca0       0x14 Drivers/STM32L4xx_HAL_Driver/Src/stm32l4xx_hal_adc.o
                0x0000000008001ca0                HAL_ADC_ErrorCallback
 .text.HAL_ADC_ConfigChannel
                0x0000000008001cb4      0x7f4 Drivers/STM32L4xx_HAL_Driver/Src/stm32l4xx_hal_adc.o
                0x0000000008001cb4                HAL_ADC_ConfigChannel
 .text.ADC_Enable
                0x00000000080024a8       0xb4 Drivers/STM32L4xx_HAL_Driver/Src/stm32l4xx_hal_adc.o
                0x00000000080024a8                ADC_Enable
 .text.HAL_ADCEx_InjectedConvCpltCallback
                0x000000000800255c       0x14 Drivers/STM32L4xx_HAL_Driver/Src/stm32l4xx_hal_adc_ex.o
                0x000000000800255c                HAL_ADCEx_InjectedConvCpltCallback
 .text.HAL_ADCEx_InjectedQueueOverflowCallback
                0x0000000008002570       0x14 Drivers/STM32L4xx_HAL_Driver/Src/stm32l4xx_hal_adc_ex.o
                0x0000000008002570                HAL_ADCEx_InjectedQueueOverflowCallback
 .text.HAL_ADCEx_LevelOutOfWindow2Callback
                0x0000000008002584       0x14 Drivers/STM32L4xx_HAL_Driver/Src/stm32l4xx_hal_adc_ex.o
                0x0000000008002584                HAL_ADCEx_LevelOutOfWindow2Callback
 .text.HAL_ADCEx_LevelOutOfWindow3Callback
                0x0000000008002598       0x14 Drivers/STM32L4xx_HAL_Driver/Src/stm32l4xx_hal_adc_ex.o
                0x0000000008002598                HAL_ADCEx_LevelOutOfWindow3Callback
 .text.HAL_ADCEx_EndOfSamplingCallback
                0x00000000080025ac       0x14 Drivers/STM32L4xx_HAL_Driver/Src/stm32l4xx_hal_adc_ex.o
                0x00000000080025ac                HAL_ADCEx_EndOfSamplingCallback
 .text.__NVIC_SetPriorityGrouping
                0x00000000080025c0       0x48 Drivers/STM32L4xx_HAL_Driver/Src/stm32l4xx_hal_cortex.o
 .text.__NVIC_GetPriorityGrouping
                0x0000000008002608       0x1c Drivers/STM32L4xx_HAL_Driver/Src/stm32l4xx_hal_cortex.o
 .text.__NVIC_EnableIRQ
                0x0000000008002624       0x3c Drivers/STM32L4xx_HAL_Driver/Src/stm32l4xx_hal_cortex.o
 .text.__NVIC_SetPriority
                0x0000000008002660       0x54 Drivers/STM32L4xx_HAL_Driver/Src/stm32l4xx_hal_cortex.o
 .text.NVIC_EncodePriority
                0x00000000080026b4       0x66 Drivers/STM32L4xx_HAL_Driver/Src/stm32l4xx_hal_cortex.o
 *fill*         0x000000000800271a        0x2 
 .text.SysTick_Config
                0x000000000800271c       0x44 Drivers/STM32L4xx_HAL_Driver/Src/stm32l4xx_hal_cortex.o
 .text.HAL_NVIC_SetPriorityGrouping
                0x0000000008002760       0x16 Drivers/STM32L4xx_HAL_Driver/Src/stm32l4xx_hal_cortex.o
                0x0000000008002760                HAL_NVIC_SetPriorityGrouping
 .text.HAL_NVIC_SetPriority
                0x0000000008002776       0x38 Drivers/STM32L4xx_HAL_Driver/Src/stm32l4xx_hal_cortex.o
                0x0000000008002776                HAL_NVIC_SetPriority
 .text.HAL_NVIC_EnableIRQ
                0x00000000080027ae       0x1c Drivers/STM32L4xx_HAL_Driver/Src/stm32l4xx_hal_cortex.o
                0x00000000080027ae                HAL_NVIC_EnableIRQ
 .text.HAL_SYSTICK_Config
                0x00000000080027ca       0x18 Drivers/STM32L4xx_HAL_Driver/Src/stm32l4xx_hal_cortex.o
                0x00000000080027ca                HAL_SYSTICK_Config
 .text.HAL_DMA_Abort_IT
                0x00000000080027e2       0x82 Drivers/STM32L4xx_HAL_Driver/Src/stm32l4xx_hal_dma.o
                0x00000000080027e2                HAL_DMA_Abort_IT
 .text.HAL_DMA_GetState
                0x0000000008002864       0x1c Drivers/STM32L4xx_HAL_Driver/Src/stm32l4xx_hal_dma.o
                0x0000000008002864                HAL_DMA_GetState
 .text.HAL_GPIO_Init
                0x0000000008002880      0x2f4 Drivers/STM32L4xx_HAL_Driver/Src/stm32l4xx_hal_gpio.o
                0x0000000008002880                HAL_GPIO_Init
 .text.HAL_GPIO_WritePin
                0x0000000008002b74       0x30 Drivers/STM32L4xx_HAL_Driver/Src/stm32l4xx_hal_gpio.o
                0x0000000008002b74                HAL_GPIO_WritePin
 .text.HAL_I2C_Init
                0x0000000008002ba4      0x11e Drivers/STM32L4xx_HAL_Driver/Src/stm32l4xx_hal_i2c.o
                0x0000000008002ba4                HAL_I2C_Init
 .text.HAL_I2C_EV_IRQHandler
                0x0000000008002cc2       0x34 Drivers/STM32L4xx_HAL_Driver/Src/stm32l4xx_hal_i2c.o
                0x0000000008002cc2                HAL_I2C_EV_IRQHandler
 .text.HAL_I2C_ER_IRQHandler
                0x0000000008002cf6       0xc2 Drivers/STM32L4xx_HAL_Driver/Src/stm32l4xx_hal_i2c.o
                0x0000000008002cf6                HAL_I2C_ER_IRQHandler
 .text.HAL_I2C_SlaveTxCpltCallback
                0x0000000008002db8       0x14 Drivers/STM32L4xx_HAL_Driver/Src/stm32l4xx_hal_i2c.o
                0x0000000008002db8                HAL_I2C_SlaveTxCpltCallback
 .text.HAL_I2C_SlaveRxCpltCallback
                0x0000000008002dcc       0x14 Drivers/STM32L4xx_HAL_Driver/Src/stm32l4xx_hal_i2c.o
                0x0000000008002dcc                HAL_I2C_SlaveRxCpltCallback
 .text.HAL_I2C_AddrCallback
                0x0000000008002de0       0x1c Drivers/STM32L4xx_HAL_Driver/Src/stm32l4xx_hal_i2c.o
                0x0000000008002de0                HAL_I2C_AddrCallback
 .text.HAL_I2C_ListenCpltCallback
                0x0000000008002dfc       0x14 Drivers/STM32L4xx_HAL_Driver/Src/stm32l4xx_hal_i2c.o
                0x0000000008002dfc                HAL_I2C_ListenCpltCallback
 .text.HAL_I2C_ErrorCallback
                0x0000000008002e10       0x14 Drivers/STM32L4xx_HAL_Driver/Src/stm32l4xx_hal_i2c.o
                0x0000000008002e10                HAL_I2C_ErrorCallback
 .text.HAL_I2C_AbortCpltCallback
                0x0000000008002e24       0x14 Drivers/STM32L4xx_HAL_Driver/Src/stm32l4xx_hal_i2c.o
                0x0000000008002e24                HAL_I2C_AbortCpltCallback
 .text.I2C_Slave_ISR_IT
                0x0000000008002e38      0x206 Drivers/STM32L4xx_HAL_Driver/Src/stm32l4xx_hal_i2c.o
 .text.I2C_ITAddrCplt
                0x000000000800303e      0x108 Drivers/STM32L4xx_HAL_Driver/Src/stm32l4xx_hal_i2c.o
 .text.I2C_ITSlaveSeqCplt
                0x0000000008003146       0xbc Drivers/STM32L4xx_HAL_Driver/Src/stm32l4xx_hal_i2c.o
 *fill*         0x0000000008003202        0x2 
 .text.I2C_ITSlaveCplt
                0x0000000008003204      0x214 Drivers/STM32L4xx_HAL_Driver/Src/stm32l4xx_hal_i2c.o
 .text.I2C_ITListenCplt
                0x0000000008003418       0xac Drivers/STM32L4xx_HAL_Driver/Src/stm32l4xx_hal_i2c.o
 .text.I2C_ITError
                0x00000000080034c4      0x1a0 Drivers/STM32L4xx_HAL_Driver/Src/stm32l4xx_hal_i2c.o
 .text.I2C_TreatErrorCallback
                0x0000000008003664       0x4e Drivers/STM32L4xx_HAL_Driver/Src/stm32l4xx_hal_i2c.o
 .text.I2C_Flush_TXDR
                0x00000000080036b2       0x48 Drivers/STM32L4xx_HAL_Driver/Src/stm32l4xx_hal_i2c.o
 .text.I2C_DMAAbort
                0x00000000080036fa       0x3c Drivers/STM32L4xx_HAL_Driver/Src/stm32l4xx_hal_i2c.o
 .text.I2C_Disable_IRQ
                0x0000000008003736       0xbc Drivers/STM32L4xx_HAL_Driver/Src/stm32l4xx_hal_i2c.o
 .text.HAL_I2CEx_ConfigAnalogFilter
                0x00000000080037f2       0x96 Drivers/STM32L4xx_HAL_Driver/Src/stm32l4xx_hal_i2c_ex.o
                0x00000000080037f2                HAL_I2CEx_ConfigAnalogFilter
 .text.HAL_I2CEx_ConfigDigitalFilter
                0x0000000008003888       0x98 Drivers/STM32L4xx_HAL_Driver/Src/stm32l4xx_hal_i2c_ex.o
                0x0000000008003888                HAL_I2CEx_ConfigDigitalFilter
 .text.HAL_LPTIM_Init
                0x0000000008003920      0x128 Drivers/STM32L4xx_HAL_Driver/Src/stm32l4xx_hal_lptim.o
                0x0000000008003920                HAL_LPTIM_Init
 .text.HAL_LPTIM_IRQHandler
                0x0000000008003a48      0x136 Drivers/STM32L4xx_HAL_Driver/Src/stm32l4xx_hal_lptim.o
                0x0000000008003a48                HAL_LPTIM_IRQHandler
 .text.HAL_LPTIM_CompareMatchCallback
                0x0000000008003b7e       0x14 Drivers/STM32L4xx_HAL_Driver/Src/stm32l4xx_hal_lptim.o
                0x0000000008003b7e                HAL_LPTIM_CompareMatchCallback
 .text.HAL_LPTIM_AutoReloadMatchCallback
                0x0000000008003b92       0x14 Drivers/STM32L4xx_HAL_Driver/Src/stm32l4xx_hal_lptim.o
                0x0000000008003b92                HAL_LPTIM_AutoReloadMatchCallback
 .text.HAL_LPTIM_TriggerCallback
                0x0000000008003ba6       0x14 Drivers/STM32L4xx_HAL_Driver/Src/stm32l4xx_hal_lptim.o
                0x0000000008003ba6                HAL_LPTIM_TriggerCallback
 .text.HAL_LPTIM_CompareWriteCallback
                0x0000000008003bba       0x14 Drivers/STM32L4xx_HAL_Driver/Src/stm32l4xx_hal_lptim.o
                0x0000000008003bba                HAL_LPTIM_CompareWriteCallback
 .text.HAL_LPTIM_AutoReloadWriteCallback
                0x0000000008003bce       0x14 Drivers/STM32L4xx_HAL_Driver/Src/stm32l4xx_hal_lptim.o
                0x0000000008003bce                HAL_LPTIM_AutoReloadWriteCallback
 .text.HAL_LPTIM_DirectionUpCallback
                0x0000000008003be2       0x14 Drivers/STM32L4xx_HAL_Driver/Src/stm32l4xx_hal_lptim.o
                0x0000000008003be2                HAL_LPTIM_DirectionUpCallback
 .text.HAL_LPTIM_DirectionDownCallback
                0x0000000008003bf6       0x14 Drivers/STM32L4xx_HAL_Driver/Src/stm32l4xx_hal_lptim.o
                0x0000000008003bf6                HAL_LPTIM_DirectionDownCallback
 *fill*         0x0000000008003c0a        0x2 
 .text.HAL_PWR_EnableBkUpAccess
                0x0000000008003c0c       0x20 Drivers/STM32L4xx_HAL_Driver/Src/stm32l4xx_hal_pwr.o
                0x0000000008003c0c                HAL_PWR_EnableBkUpAccess
 .text.HAL_PWREx_GetVoltageRange
                0x0000000008003c2c       0x1c Drivers/STM32L4xx_HAL_Driver/Src/stm32l4xx_hal_pwr_ex.o
                0x0000000008003c2c                HAL_PWREx_GetVoltageRange
 .text.HAL_PWREx_ControlVoltageScaling
                0x0000000008003c48       0xac Drivers/STM32L4xx_HAL_Driver/Src/stm32l4xx_hal_pwr_ex.o
                0x0000000008003c48                HAL_PWREx_ControlVoltageScaling
 .text.HAL_RCC_OscConfig
                0x0000000008003cf4      0x840 Drivers/STM32L4xx_HAL_Driver/Src/stm32l4xx_hal_rcc.o
                0x0000000008003cf4                HAL_RCC_OscConfig
 .text.HAL_RCC_ClockConfig
                0x0000000008004534      0x1c4 Drivers/STM32L4xx_HAL_Driver/Src/stm32l4xx_hal_rcc.o
                0x0000000008004534                HAL_RCC_ClockConfig
 .text.HAL_RCC_GetSysClockFreq
                0x00000000080046f8      0x114 Drivers/STM32L4xx_HAL_Driver/Src/stm32l4xx_hal_rcc.o
                0x00000000080046f8                HAL_RCC_GetSysClockFreq
 .text.RCC_SetFlashLatencyFromMSIRange
                0x000000000800480c       0xc0 Drivers/STM32L4xx_HAL_Driver/Src/stm32l4xx_hal_rcc.o
 .text.HAL_RCCEx_PeriphCLKConfig
                0x00000000080048cc      0x4d4 Drivers/STM32L4xx_HAL_Driver/Src/stm32l4xx_hal_rcc_ex.o
                0x00000000080048cc                HAL_RCCEx_PeriphCLKConfig
 .text.HAL_RCCEx_EnableMSIPLLMode
                0x0000000008004da0       0x20 Drivers/STM32L4xx_HAL_Driver/Src/stm32l4xx_hal_rcc_ex.o
                0x0000000008004da0                HAL_RCCEx_EnableMSIPLLMode
 .text.RCCEx_PLLSAI1_Config
                0x0000000008004dc0      0x1e0 Drivers/STM32L4xx_HAL_Driver/Src/stm32l4xx_hal_rcc_ex.o
 .text.HAL_RTC_Init
                0x0000000008004fa0       0xf6 Drivers/STM32L4xx_HAL_Driver/Src/stm32l4xx_hal_rtc.o
                0x0000000008004fa0                HAL_RTC_Init
 .text.HAL_RTC_SetTime
                0x0000000008005096      0x13a Drivers/STM32L4xx_HAL_Driver/Src/stm32l4xx_hal_rtc.o
                0x0000000008005096                HAL_RTC_SetTime
 .text.HAL_RTC_SetDate
                0x00000000080051d0      0x10e Drivers/STM32L4xx_HAL_Driver/Src/stm32l4xx_hal_rtc.o
                0x00000000080051d0                HAL_RTC_SetDate
 .text.HAL_RTC_WaitForSynchro
                0x00000000080052de       0x4c Drivers/STM32L4xx_HAL_Driver/Src/stm32l4xx_hal_rtc.o
                0x00000000080052de                HAL_RTC_WaitForSynchro
 .text.RTC_EnterInitMode
                0x000000000800532a       0x66 Drivers/STM32L4xx_HAL_Driver/Src/stm32l4xx_hal_rtc.o
                0x000000000800532a                RTC_EnterInitMode
 .text.RTC_ExitInitMode
                0x0000000008005390       0x7c Drivers/STM32L4xx_HAL_Driver/Src/stm32l4xx_hal_rtc.o
                0x0000000008005390                RTC_ExitInitMode
 .text.RTC_ByteToBcd2
                0x000000000800540c       0x40 Drivers/STM32L4xx_HAL_Driver/Src/stm32l4xx_hal_rtc.o
                0x000000000800540c                RTC_ByteToBcd2
 .text.HAL_TIM_Base_Init
                0x000000000800544c       0xae Drivers/STM32L4xx_HAL_Driver/Src/stm32l4xx_hal_tim.o
                0x000000000800544c                HAL_TIM_Base_Init
 .text.HAL_TIM_PWM_Init
                0x00000000080054fa       0xae Drivers/STM32L4xx_HAL_Driver/Src/stm32l4xx_hal_tim.o
                0x00000000080054fa                HAL_TIM_PWM_Init
 .text.HAL_TIM_PWM_Start
                0x00000000080055a8      0x1cc Drivers/STM32L4xx_HAL_Driver/Src/stm32l4xx_hal_tim.o
                0x00000000080055a8                HAL_TIM_PWM_Start
 .text.HAL_TIM_PWM_Stop
                0x0000000008005774      0x110 Drivers/STM32L4xx_HAL_Driver/Src/stm32l4xx_hal_tim.o
                0x0000000008005774                HAL_TIM_PWM_Stop
 .text.HAL_TIM_IRQHandler
                0x0000000008005884      0x23e Drivers/STM32L4xx_HAL_Driver/Src/stm32l4xx_hal_tim.o
                0x0000000008005884                HAL_TIM_IRQHandler
 *fill*         0x0000000008005ac2        0x2 
 .text.HAL_TIM_PWM_ConfigChannel
                0x0000000008005ac4      0x220 Drivers/STM32L4xx_HAL_Driver/Src/stm32l4xx_hal_tim.o
                0x0000000008005ac4                HAL_TIM_PWM_ConfigChannel
 .text.HAL_TIM_ConfigClockSource
                0x0000000008005ce4      0x172 Drivers/STM32L4xx_HAL_Driver/Src/stm32l4xx_hal_tim.o
                0x0000000008005ce4                HAL_TIM_ConfigClockSource
 .text.HAL_TIM_SlaveConfigSynchro
                0x0000000008005e56       0x84 Drivers/STM32L4xx_HAL_Driver/Src/stm32l4xx_hal_tim.o
                0x0000000008005e56                HAL_TIM_SlaveConfigSynchro
 .text.HAL_TIM_PeriodElapsedCallback
                0x0000000008005eda       0x14 Drivers/STM32L4xx_HAL_Driver/Src/stm32l4xx_hal_tim.o
                0x0000000008005eda                HAL_TIM_PeriodElapsedCallback
 .text.HAL_TIM_OC_DelayElapsedCallback
                0x0000000008005eee       0x14 Drivers/STM32L4xx_HAL_Driver/Src/stm32l4xx_hal_tim.o
                0x0000000008005eee                HAL_TIM_OC_DelayElapsedCallback
 .text.HAL_TIM_IC_CaptureCallback
                0x0000000008005f02       0x14 Drivers/STM32L4xx_HAL_Driver/Src/stm32l4xx_hal_tim.o
                0x0000000008005f02                HAL_TIM_IC_CaptureCallback
 .text.HAL_TIM_PWM_PulseFinishedCallback
                0x0000000008005f16       0x14 Drivers/STM32L4xx_HAL_Driver/Src/stm32l4xx_hal_tim.o
                0x0000000008005f16                HAL_TIM_PWM_PulseFinishedCallback
 .text.HAL_TIM_TriggerCallback
                0x0000000008005f2a       0x14 Drivers/STM32L4xx_HAL_Driver/Src/stm32l4xx_hal_tim.o
                0x0000000008005f2a                HAL_TIM_TriggerCallback
 *fill*         0x0000000008005f3e        0x2 
 .text.TIM_Base_SetConfig
                0x0000000008005f40       0xdc Drivers/STM32L4xx_HAL_Driver/Src/stm32l4xx_hal_tim.o
                0x0000000008005f40                TIM_Base_SetConfig
 .text.TIM_OC1_SetConfig
                0x000000000800601c       0xf8 Drivers/STM32L4xx_HAL_Driver/Src/stm32l4xx_hal_tim.o
 .text.TIM_OC2_SetConfig
                0x0000000008006114       0xf4 Drivers/STM32L4xx_HAL_Driver/Src/stm32l4xx_hal_tim.o
                0x0000000008006114                TIM_OC2_SetConfig
 .text.TIM_OC3_SetConfig
                0x0000000008006208       0xf0 Drivers/STM32L4xx_HAL_Driver/Src/stm32l4xx_hal_tim.o
 .text.TIM_OC4_SetConfig
                0x00000000080062f8       0xbc Drivers/STM32L4xx_HAL_Driver/Src/stm32l4xx_hal_tim.o
 .text.TIM_OC5_SetConfig
                0x00000000080063b4       0xb0 Drivers/STM32L4xx_HAL_Driver/Src/stm32l4xx_hal_tim.o
 .text.TIM_OC6_SetConfig
                0x0000000008006464       0xb4 Drivers/STM32L4xx_HAL_Driver/Src/stm32l4xx_hal_tim.o
 .text.TIM_SlaveTimer_SetConfig
                0x0000000008006518      0x110 Drivers/STM32L4xx_HAL_Driver/Src/stm32l4xx_hal_tim.o
 .text.TIM_TI1_ConfigInputStage
                0x0000000008006628       0x5e Drivers/STM32L4xx_HAL_Driver/Src/stm32l4xx_hal_tim.o
 .text.TIM_TI2_ConfigInputStage
                0x0000000008006686       0x60 Drivers/STM32L4xx_HAL_Driver/Src/stm32l4xx_hal_tim.o
 .text.TIM_ITRx_SetConfig
                0x00000000080066e6       0x36 Drivers/STM32L4xx_HAL_Driver/Src/stm32l4xx_hal_tim.o
 .text.TIM_ETR_SetConfig
                0x000000000800671c       0x40 Drivers/STM32L4xx_HAL_Driver/Src/stm32l4xx_hal_tim.o
                0x000000000800671c                TIM_ETR_SetConfig
 .text.TIM_CCxChannelCmd
                0x000000000800675c       0x4a Drivers/STM32L4xx_HAL_Driver/Src/stm32l4xx_hal_tim.o
                0x000000000800675c                TIM_CCxChannelCmd
 *fill*         0x00000000080067a6        0x2 
 .text.HAL_TIMEx_MasterConfigSynchronization
                0x00000000080067a8       0xdc Drivers/STM32L4xx_HAL_Driver/Src/stm32l4xx_hal_tim_ex.o
                0x00000000080067a8                HAL_TIMEx_MasterConfigSynchronization
 .text.HAL_TIMEx_ConfigBreakDeadTime
                0x0000000008006884       0xf0 Drivers/STM32L4xx_HAL_Driver/Src/stm32l4xx_hal_tim_ex.o
                0x0000000008006884                HAL_TIMEx_ConfigBreakDeadTime
 .text.HAL_TIMEx_CommutCallback
                0x0000000008006974       0x14 Drivers/STM32L4xx_HAL_Driver/Src/stm32l4xx_hal_tim_ex.o
                0x0000000008006974                HAL_TIMEx_CommutCallback
 .text.HAL_TIMEx_BreakCallback
                0x0000000008006988       0x14 Drivers/STM32L4xx_HAL_Driver/Src/stm32l4xx_hal_tim_ex.o
                0x0000000008006988                HAL_TIMEx_BreakCallback
 .text.HAL_TIMEx_Break2Callback
                0x000000000800699c       0x14 Drivers/STM32L4xx_HAL_Driver/Src/stm32l4xx_hal_tim_ex.o
                0x000000000800699c                HAL_TIMEx_Break2Callback
 .text.__libc_init_array
                0x00000000080069b0       0x48 c:/st/stm32cubeide_1.4.0/stm32cubeide/plugins/com.st.stm32cube.ide.mcu.externaltools.gnu-tools-for-stm32.7-2018-q2-update.win32_1.4.0.202007081208/tools/bin/../lib/gcc/arm-none-eabi/7.3.1/../../../../arm-none-eabi/lib/thumb/v7e-m/fpv4-sp/hard\libc_nano.a(lib_a-init.o)
                0x00000000080069b0                __libc_init_array
 .text.memset   0x00000000080069f8       0x10 c:/st/stm32cubeide_1.4.0/stm32cubeide/plugins/com.st.stm32cube.ide.mcu.externaltools.gnu-tools-for-stm32.7-2018-q2-update.win32_1.4.0.202007081208/tools/bin/../lib/gcc/arm-none-eabi/7.3.1/../../../../arm-none-eabi/lib/thumb/v7e-m/fpv4-sp/hard\libc_nano.a(lib_a-memset.o)
                0x00000000080069f8                memset
 *(.glue_7)
 .glue_7        0x0000000008006a08        0x0 linker stubs
 *(.glue_7t)
 .glue_7t       0x0000000008006a08        0x0 linker stubs
 *(.eh_frame)
 .eh_frame      0x0000000008006a08        0x0 c:/st/stm32cubeide_1.4.0/stm32cubeide/plugins/com.st.stm32cube.ide.mcu.externaltools.gnu-tools-for-stm32.7-2018-q2-update.win32_1.4.0.202007081208/tools/bin/../lib/gcc/arm-none-eabi/7.3.1/thumb/v7e-m/fpv4-sp/hard/crtbegin.o
 *(.init)
 .init          0x0000000008006a08        0x4 c:/st/stm32cubeide_1.4.0/stm32cubeide/plugins/com.st.stm32cube.ide.mcu.externaltools.gnu-tools-for-stm32.7-2018-q2-update.win32_1.4.0.202007081208/tools/bin/../lib/gcc/arm-none-eabi/7.3.1/thumb/v7e-m/fpv4-sp/hard/crti.o
                0x0000000008006a08                _init
 .init          0x0000000008006a0c        0x8 c:/st/stm32cubeide_1.4.0/stm32cubeide/plugins/com.st.stm32cube.ide.mcu.externaltools.gnu-tools-for-stm32.7-2018-q2-update.win32_1.4.0.202007081208/tools/bin/../lib/gcc/arm-none-eabi/7.3.1/thumb/v7e-m/fpv4-sp/hard/crtn.o
 *(.fini)
 .fini          0x0000000008006a14        0x4 c:/st/stm32cubeide_1.4.0/stm32cubeide/plugins/com.st.stm32cube.ide.mcu.externaltools.gnu-tools-for-stm32.7-2018-q2-update.win32_1.4.0.202007081208/tools/bin/../lib/gcc/arm-none-eabi/7.3.1/thumb/v7e-m/fpv4-sp/hard/crti.o
                0x0000000008006a14                _fini
 .fini          0x0000000008006a18        0x8 c:/st/stm32cubeide_1.4.0/stm32cubeide/plugins/com.st.stm32cube.ide.mcu.externaltools.gnu-tools-for-stm32.7-2018-q2-update.win32_1.4.0.202007081208/tools/bin/../lib/gcc/arm-none-eabi/7.3.1/thumb/v7e-m/fpv4-sp/hard/crtn.o
                0x0000000008006a20                . = ALIGN (0x4)
                0x0000000008006a20                _etext = .

.vfp11_veneer   0x0000000008006a20        0x0
 .vfp11_veneer  0x0000000008006a20        0x0 linker stubs

.v4_bx          0x0000000008006a20        0x0
 .v4_bx         0x0000000008006a20        0x0 linker stubs

.iplt           0x0000000008006a20        0x0
 .iplt          0x0000000008006a20        0x0 c:/st/stm32cubeide_1.4.0/stm32cubeide/plugins/com.st.stm32cube.ide.mcu.externaltools.gnu-tools-for-stm32.7-2018-q2-update.win32_1.4.0.202007081208/tools/bin/../lib/gcc/arm-none-eabi/7.3.1/thumb/v7e-m/fpv4-sp/hard/crtbegin.o

.rodata         0x0000000008006a20       0x48
                0x0000000008006a20                . = ALIGN (0x4)
 *(.rodata)
 .rodata        0x0000000008006a20        0x8 Core/Src/main.o
 *(.rodata*)
 .rodata.AHBPrescTable
                0x0000000008006a28       0x10 Core/Src/system_stm32l4xx.o
                0x0000000008006a28                AHBPrescTable
 .rodata.MSIRangeTable
                0x0000000008006a38       0x30 Core/Src/system_stm32l4xx.o
                0x0000000008006a38                MSIRangeTable
                0x0000000008006a68                . = ALIGN (0x4)

.rel.dyn        0x0000000008006a68        0x0
 .rel.iplt      0x0000000008006a68        0x0 c:/st/stm32cubeide_1.4.0/stm32cubeide/plugins/com.st.stm32cube.ide.mcu.externaltools.gnu-tools-for-stm32.7-2018-q2-update.win32_1.4.0.202007081208/tools/bin/../lib/gcc/arm-none-eabi/7.3.1/thumb/v7e-m/fpv4-sp/hard/crtbegin.o

.ARM.extab      0x0000000008006a68        0x0
                0x0000000008006a68                . = ALIGN (0x4)
 *(.ARM.extab* .gnu.linkonce.armextab.*)
                0x0000000008006a68                . = ALIGN (0x4)

.ARM            0x0000000008006a68        0x0
                0x0000000008006a68                . = ALIGN (0x4)
                0x0000000008006a68                __exidx_start = .
 *(.ARM.exidx*)
                0x0000000008006a68                __exidx_end = .
                0x0000000008006a68                . = ALIGN (0x4)

.preinit_array  0x0000000008006a68        0x0
                0x0000000008006a68                . = ALIGN (0x4)
                0x0000000008006a68                PROVIDE (__preinit_array_start = .)
 *(.preinit_array*)
                0x0000000008006a68                PROVIDE (__preinit_array_end = .)
                0x0000000008006a68                . = ALIGN (0x4)

.init_array     0x0000000008006a68        0x4
                0x0000000008006a68                . = ALIGN (0x4)
                0x0000000008006a68                PROVIDE (__init_array_start = .)
 *(SORT_BY_NAME(.init_array.*))
 *(.init_array*)
 .init_array    0x0000000008006a68        0x4 c:/st/stm32cubeide_1.4.0/stm32cubeide/plugins/com.st.stm32cube.ide.mcu.externaltools.gnu-tools-for-stm32.7-2018-q2-update.win32_1.4.0.202007081208/tools/bin/../lib/gcc/arm-none-eabi/7.3.1/thumb/v7e-m/fpv4-sp/hard/crtbegin.o
                0x0000000008006a6c                PROVIDE (__init_array_end = .)
                0x0000000008006a6c                . = ALIGN (0x4)

.fini_array     0x0000000008006a6c        0x4
                0x0000000008006a6c                . = ALIGN (0x4)
                [!provide]                        PROVIDE (__fini_array_start = .)
 *(SORT_BY_NAME(.fini_array.*))
 *(.fini_array*)
 .fini_array    0x0000000008006a6c        0x4 c:/st/stm32cubeide_1.4.0/stm32cubeide/plugins/com.st.stm32cube.ide.mcu.externaltools.gnu-tools-for-stm32.7-2018-q2-update.win32_1.4.0.202007081208/tools/bin/../lib/gcc/arm-none-eabi/7.3.1/thumb/v7e-m/fpv4-sp/hard/crtbegin.o
                [!provide]                        PROVIDE (__fini_array_end = .)
                0x0000000008006a70                . = ALIGN (0x4)
                0x0000000008006a70                _sidata = LOADADDR (.data)

.data           0x0000000020000000        0xc load address 0x0000000008006a70
                0x0000000020000000                . = ALIGN (0x4)
                0x0000000020000000                _sdata = .
 *(.data)
 *(.data*)
 .data.SystemCoreClock
                0x0000000020000000        0x4 Core/Src/system_stm32l4xx.o
                0x0000000020000000                SystemCoreClock
 .data.uwTickPrio
                0x0000000020000004        0x4 Drivers/STM32L4xx_HAL_Driver/Src/stm32l4xx_hal.o
                0x0000000020000004                uwTickPrio
 .data.uwTickFreq
                0x0000000020000008        0x1 Drivers/STM32L4xx_HAL_Driver/Src/stm32l4xx_hal.o
                0x0000000020000008                uwTickFreq
                0x000000002000000c                . = ALIGN (0x4)
 *fill*         0x0000000020000009        0x3 
                0x000000002000000c                _edata = .

.igot.plt       0x000000002000000c        0x0 load address 0x0000000008006a7c
 .igot.plt      0x000000002000000c        0x0 c:/st/stm32cubeide_1.4.0/stm32cubeide/plugins/com.st.stm32cube.ide.mcu.externaltools.gnu-tools-for-stm32.7-2018-q2-update.win32_1.4.0.202007081208/tools/bin/../lib/gcc/arm-none-eabi/7.3.1/thumb/v7e-m/fpv4-sp/hard/crtbegin.o
                0x000000002000000c                . = ALIGN (0x4)

.bss            0x000000002000000c      0x214 load address 0x0000000008006a7c
                0x000000002000000c                _sbss = .
                0x000000002000000c                __bss_start__ = _sbss
 *(.bss)
 .bss           0x000000002000000c       0x1c c:/st/stm32cubeide_1.4.0/stm32cubeide/plugins/com.st.stm32cube.ide.mcu.externaltools.gnu-tools-for-stm32.7-2018-q2-update.win32_1.4.0.202007081208/tools/bin/../lib/gcc/arm-none-eabi/7.3.1/thumb/v7e-m/fpv4-sp/hard/crtbegin.o
 *(.bss*)
 *(COMMON)
 COMMON         0x0000000020000028       0x68 Core/Src/adc.o
                0x0000000020000028                hadc1
 COMMON         0x0000000020000090       0x4c Core/Src/i2c.o
                0x0000000020000090                hi2c1
 COMMON         0x00000000200000dc       0x38 Core/Src/lptim.o
                0x00000000200000dc                hlptim1
 COMMON         0x0000000020000114       0x24 Core/Src/rtc.o
                0x0000000020000114                hrtc
 COMMON         0x0000000020000138       0xe4 Core/Src/tim.o
                0x0000000020000138                htim3
                0x0000000020000184                htim1
                0x00000000200001d0                htim2
 COMMON         0x000000002000021c        0x4 Drivers/STM32L4xx_HAL_Driver/Src/stm32l4xx_hal.o
                0x000000002000021c                uwTick
                0x0000000020000220                . = ALIGN (0x4)
                0x0000000020000220                _ebss = .
                0x0000000020000220                __bss_end__ = _ebss

._user_heap_stack
                0x0000000020000220      0x600 load address 0x0000000008006a7c
                0x0000000020000220                . = ALIGN (0x8)
                [!provide]                        PROVIDE (end = .)
                [!provide]                        PROVIDE (_end = .)
                0x0000000020000420                . = (. + _Min_Heap_Size)
 *fill*         0x0000000020000220      0x200 
                0x0000000020000820                . = (. + _Min_Stack_Size)
 *fill*         0x0000000020000420      0x400 
                0x0000000020000820                . = ALIGN (0x8)

/DISCARD/
 libc.a(*)
 libm.a(*)
 libgcc.a(*)

.ARM.attributes
                0x0000000000000000       0x30
 *(.ARM.attributes)
 .ARM.attributes
                0x0000000000000000       0x22 c:/st/stm32cubeide_1.4.0/stm32cubeide/plugins/com.st.stm32cube.ide.mcu.externaltools.gnu-tools-for-stm32.7-2018-q2-update.win32_1.4.0.202007081208/tools/bin/../lib/gcc/arm-none-eabi/7.3.1/thumb/v7e-m/fpv4-sp/hard/crti.o
 .ARM.attributes
                0x0000000000000022       0x34 c:/st/stm32cubeide_1.4.0/stm32cubeide/plugins/com.st.stm32cube.ide.mcu.externaltools.gnu-tools-for-stm32.7-2018-q2-update.win32_1.4.0.202007081208/tools/bin/../lib/gcc/arm-none-eabi/7.3.1/thumb/v7e-m/fpv4-sp/hard/crtbegin.o
 .ARM.attributes
                0x0000000000000056       0x39 Core/Src/adc.o
 .ARM.attributes
                0x000000000000008f       0x39 Core/Src/gpio.o
 .ARM.attributes
                0x00000000000000c8       0x39 Core/Src/i2c.o
 .ARM.attributes
                0x0000000000000101       0x39 Core/Src/lptim.o
 .ARM.attributes
                0x000000000000013a       0x39 Core/Src/main.o
 .ARM.attributes
                0x0000000000000173       0x39 Core/Src/rtc.o
 .ARM.attributes
                0x00000000000001ac       0x39 Core/Src/stm32l4xx_hal_msp.o
 .ARM.attributes
                0x00000000000001e5       0x39 Core/Src/stm32l4xx_it.o
 .ARM.attributes
                0x000000000000021e       0x39 Core/Src/system_stm32l4xx.o
 .ARM.attributes
                0x0000000000000257       0x39 Core/Src/tim.o
 .ARM.attributes
                0x0000000000000290       0x39 Core/Src/application/PID.o
 .ARM.attributes
                0x00000000000002c9       0x39 Core/Src/application/ponte_h.o
 .ARM.attributes
                0x0000000000000302       0x39 Core/Src/application/sensor_optico.o
 .ARM.attributes
                0x000000000000033b       0x21 Core/Startup/startup_stm32l462retx.o
 .ARM.attributes
                0x000000000000035c       0x39 Drivers/STM32L4xx_HAL_Driver/Src/stm32l4xx_hal.o
 .ARM.attributes
                0x0000000000000395       0x39 Drivers/STM32L4xx_HAL_Driver/Src/stm32l4xx_hal_adc.o
 .ARM.attributes
                0x00000000000003ce       0x39 Drivers/STM32L4xx_HAL_Driver/Src/stm32l4xx_hal_adc_ex.o
 .ARM.attributes
                0x0000000000000407       0x39 Drivers/STM32L4xx_HAL_Driver/Src/stm32l4xx_hal_cortex.o
 .ARM.attributes
                0x0000000000000440       0x39 Drivers/STM32L4xx_HAL_Driver/Src/stm32l4xx_hal_dma.o
 .ARM.attributes
                0x0000000000000479       0x39 Drivers/STM32L4xx_HAL_Driver/Src/stm32l4xx_hal_gpio.o
 .ARM.attributes
                0x00000000000004b2       0x39 Drivers/STM32L4xx_HAL_Driver/Src/stm32l4xx_hal_i2c.o
 .ARM.attributes
                0x00000000000004eb       0x39 Drivers/STM32L4xx_HAL_Driver/Src/stm32l4xx_hal_i2c_ex.o
 .ARM.attributes
                0x0000000000000524       0x39 Drivers/STM32L4xx_HAL_Driver/Src/stm32l4xx_hal_lptim.o
 .ARM.attributes
                0x000000000000055d       0x39 Drivers/STM32L4xx_HAL_Driver/Src/stm32l4xx_hal_pwr.o
 .ARM.attributes
                0x0000000000000596       0x39 Drivers/STM32L4xx_HAL_Driver/Src/stm32l4xx_hal_pwr_ex.o
 .ARM.attributes
                0x00000000000005cf       0x39 Drivers/STM32L4xx_HAL_Driver/Src/stm32l4xx_hal_rcc.o
 .ARM.attributes
                0x0000000000000608       0x39 Drivers/STM32L4xx_HAL_Driver/Src/stm32l4xx_hal_rcc_ex.o
 .ARM.attributes
                0x0000000000000641       0x39 Drivers/STM32L4xx_HAL_Driver/Src/stm32l4xx_hal_rtc.o
 .ARM.attributes
                0x000000000000067a       0x39 Drivers/STM32L4xx_HAL_Driver/Src/stm32l4xx_hal_tim.o
 .ARM.attributes
                0x00000000000006b3       0x39 Drivers/STM32L4xx_HAL_Driver/Src/stm32l4xx_hal_tim_ex.o
 .ARM.attributes
                0x00000000000006ec       0x34 c:/st/stm32cubeide_1.4.0/stm32cubeide/plugins/com.st.stm32cube.ide.mcu.externaltools.gnu-tools-for-stm32.7-2018-q2-update.win32_1.4.0.202007081208/tools/bin/../lib/gcc/arm-none-eabi/7.3.1/../../../../arm-none-eabi/lib/thumb/v7e-m/fpv4-sp/hard\libc_nano.a(lib_a-init.o)
 .ARM.attributes
                0x0000000000000720       0x34 c:/st/stm32cubeide_1.4.0/stm32cubeide/plugins/com.st.stm32cube.ide.mcu.externaltools.gnu-tools-for-stm32.7-2018-q2-update.win32_1.4.0.202007081208/tools/bin/../lib/gcc/arm-none-eabi/7.3.1/../../../../arm-none-eabi/lib/thumb/v7e-m/fpv4-sp/hard\libc_nano.a(lib_a-memset.o)
 .ARM.attributes
                0x0000000000000754       0x22 c:/st/stm32cubeide_1.4.0/stm32cubeide/plugins/com.st.stm32cube.ide.mcu.externaltools.gnu-tools-for-stm32.7-2018-q2-update.win32_1.4.0.202007081208/tools/bin/../lib/gcc/arm-none-eabi/7.3.1/thumb/v7e-m/fpv4-sp/hard/crtn.o
OUTPUT(desafio_linha_Tamandutech.elf elf32-littlearm)

.debug_info     0x0000000000000000    0x1c489
 .debug_info    0x0000000000000000      0xed7 Core/Src/adc.o
 .debug_info    0x0000000000000ed7      0x686 Core/Src/gpio.o
 .debug_info    0x000000000000155d      0xd5a Core/Src/i2c.o
 .debug_info    0x00000000000022b7      0xaed Core/Src/lptim.o
 .debug_info    0x0000000000002da4     0x1dca Core/Src/main.o
 .debug_info    0x0000000000004b6e      0x9e3 Core/Src/rtc.o
 .debug_info    0x0000000000005551      0x513 Core/Src/stm32l4xx_hal_msp.o
 .debug_info    0x0000000000005a64     0x121c Core/Src/stm32l4xx_it.o
 .debug_info    0x0000000000006c80      0x741 Core/Src/system_stm32l4xx.o
 .debug_info    0x00000000000073c1     0x1188 Core/Src/tim.o
 .debug_info    0x0000000000008549      0x5ad Core/Src/application/PID.o
 .debug_info    0x0000000000008af6      0x8f6 Core/Src/application/ponte_h.o
 .debug_info    0x00000000000093ec      0xb6c Core/Src/application/sensor_optico.o
 .debug_info    0x0000000000009f58       0x22 Core/Startup/startup_stm32l462retx.o
 .debug_info    0x0000000000009f7a      0xbf8 Drivers/STM32L4xx_HAL_Driver/Src/stm32l4xx_hal.o
 .debug_info    0x000000000000ab72     0x1df6 Drivers/STM32L4xx_HAL_Driver/Src/stm32l4xx_hal_adc.o
 .debug_info    0x000000000000c968     0x1967 Drivers/STM32L4xx_HAL_Driver/Src/stm32l4xx_hal_adc_ex.o
 .debug_info    0x000000000000e2cf      0xf2b Drivers/STM32L4xx_HAL_Driver/Src/stm32l4xx_hal_cortex.o
 .debug_info    0x000000000000f1fa      0x8f2 Drivers/STM32L4xx_HAL_Driver/Src/stm32l4xx_hal_dma.o
 .debug_info    0x000000000000faec      0x9cf Drivers/STM32L4xx_HAL_Driver/Src/stm32l4xx_hal_gpio.o
 .debug_info    0x00000000000104bb     0x210d Drivers/STM32L4xx_HAL_Driver/Src/stm32l4xx_hal_i2c.o
 .debug_info    0x00000000000125c8      0xb8c Drivers/STM32L4xx_HAL_Driver/Src/stm32l4xx_hal_i2c_ex.o
 .debug_info    0x0000000000013154     0x10ce Drivers/STM32L4xx_HAL_Driver/Src/stm32l4xx_hal_lptim.o
 .debug_info    0x0000000000014222      0xaab Drivers/STM32L4xx_HAL_Driver/Src/stm32l4xx_hal_pwr.o
 .debug_info    0x0000000000014ccd      0xadb Drivers/STM32L4xx_HAL_Driver/Src/stm32l4xx_hal_pwr_ex.o
 .debug_info    0x00000000000157a8      0xceb Drivers/STM32L4xx_HAL_Driver/Src/stm32l4xx_hal_rcc.o
 .debug_info    0x0000000000016493     0x1048 Drivers/STM32L4xx_HAL_Driver/Src/stm32l4xx_hal_rcc_ex.o
 .debug_info    0x00000000000174db      0xecf Drivers/STM32L4xx_HAL_Driver/Src/stm32l4xx_hal_rtc.o
 .debug_info    0x00000000000183aa     0x2a61 Drivers/STM32L4xx_HAL_Driver/Src/stm32l4xx_hal_tim.o
 .debug_info    0x000000000001ae0b     0x167e Drivers/STM32L4xx_HAL_Driver/Src/stm32l4xx_hal_tim_ex.o

.debug_abbrev   0x0000000000000000     0x3489
 .debug_abbrev  0x0000000000000000      0x1a2 Core/Src/adc.o
 .debug_abbrev  0x00000000000001a2      0x134 Core/Src/gpio.o
 .debug_abbrev  0x00000000000002d6      0x1ad Core/Src/i2c.o
 .debug_abbrev  0x0000000000000483      0x17c Core/Src/lptim.o
 .debug_abbrev  0x00000000000005ff      0x1ed Core/Src/main.o
 .debug_abbrev  0x00000000000007ec      0x150 Core/Src/rtc.o
 .debug_abbrev  0x000000000000093c      0x125 Core/Src/stm32l4xx_hal_msp.o
 .debug_abbrev  0x0000000000000a61      0x18c Core/Src/stm32l4xx_it.o
 .debug_abbrev  0x0000000000000bed      0x150 Core/Src/system_stm32l4xx.o
 .debug_abbrev  0x0000000000000d3d      0x210 Core/Src/tim.o
 .debug_abbrev  0x0000000000000f4d       0xe6 Core/Src/application/PID.o
 .debug_abbrev  0x0000000000001033      0x192 Core/Src/application/ponte_h.o
 .debug_abbrev  0x00000000000011c5      0x15e Core/Src/application/sensor_optico.o
 .debug_abbrev  0x0000000000001323       0x12 Core/Startup/startup_stm32l462retx.o
 .debug_abbrev  0x0000000000001335      0x1fb Drivers/STM32L4xx_HAL_Driver/Src/stm32l4xx_hal.o
 .debug_abbrev  0x0000000000001530      0x25d Drivers/STM32L4xx_HAL_Driver/Src/stm32l4xx_hal_adc.o
 .debug_abbrev  0x000000000000178d      0x27d Drivers/STM32L4xx_HAL_Driver/Src/stm32l4xx_hal_adc_ex.o
 .debug_abbrev  0x0000000000001a0a      0x2fa Drivers/STM32L4xx_HAL_Driver/Src/stm32l4xx_hal_cortex.o
 .debug_abbrev  0x0000000000001d04      0x1d9 Drivers/STM32L4xx_HAL_Driver/Src/stm32l4xx_hal_dma.o
 .debug_abbrev  0x0000000000001edd      0x1c0 Drivers/STM32L4xx_HAL_Driver/Src/stm32l4xx_hal_gpio.o
 .debug_abbrev  0x000000000000209d      0x22a Drivers/STM32L4xx_HAL_Driver/Src/stm32l4xx_hal_i2c.o
 .debug_abbrev  0x00000000000022c7      0x1b9 Drivers/STM32L4xx_HAL_Driver/Src/stm32l4xx_hal_i2c_ex.o
 .debug_abbrev  0x0000000000002480      0x1f8 Drivers/STM32L4xx_HAL_Driver/Src/stm32l4xx_hal_lptim.o
 .debug_abbrev  0x0000000000002678      0x18b Drivers/STM32L4xx_HAL_Driver/Src/stm32l4xx_hal_pwr.o
 .debug_abbrev  0x0000000000002803      0x1cb Drivers/STM32L4xx_HAL_Driver/Src/stm32l4xx_hal_pwr_ex.o
 .debug_abbrev  0x00000000000029ce      0x245 Drivers/STM32L4xx_HAL_Driver/Src/stm32l4xx_hal_rcc.o
 .debug_abbrev  0x0000000000002c13      0x238 Drivers/STM32L4xx_HAL_Driver/Src/stm32l4xx_hal_rcc_ex.o
 .debug_abbrev  0x0000000000002e4b      0x1d8 Drivers/STM32L4xx_HAL_Driver/Src/stm32l4xx_hal_rtc.o
 .debug_abbrev  0x0000000000003023      0x230 Drivers/STM32L4xx_HAL_Driver/Src/stm32l4xx_hal_tim.o
 .debug_abbrev  0x0000000000003253      0x236 Drivers/STM32L4xx_HAL_Driver/Src/stm32l4xx_hal_tim_ex.o

.debug_aranges  0x0000000000000000     0x1720
 .debug_aranges
                0x0000000000000000       0x30 Core/Src/adc.o
 .debug_aranges
                0x0000000000000030       0x20 Core/Src/gpio.o
 .debug_aranges
                0x0000000000000050       0x30 Core/Src/i2c.o
 .debug_aranges
                0x0000000000000080       0x30 Core/Src/lptim.o
 .debug_aranges
                0x00000000000000b0       0x30 Core/Src/main.o
 .debug_aranges
                0x00000000000000e0       0x30 Core/Src/rtc.o
 .debug_aranges
                0x0000000000000110       0x20 Core/Src/stm32l4xx_hal_msp.o
 .debug_aranges
                0x0000000000000130       0x88 Core/Src/stm32l4xx_it.o
 .debug_aranges
                0x00000000000001b8       0x28 Core/Src/system_stm32l4xx.o
 .debug_aranges
                0x00000000000001e0       0x58 Core/Src/tim.o
 .debug_aranges
                0x0000000000000238       0x20 Core/Src/application/PID.o
 .debug_aranges
                0x0000000000000258       0x38 Core/Src/application/ponte_h.o
 .debug_aranges
                0x0000000000000290       0x20 Core/Src/application/sensor_optico.o
 .debug_aranges
                0x00000000000002b0       0x28 Core/Startup/startup_stm32l462retx.o
 .debug_aranges
                0x00000000000002d8      0x130 Drivers/STM32L4xx_HAL_Driver/Src/stm32l4xx_hal.o
 .debug_aranges
                0x0000000000000408      0x218 Drivers/STM32L4xx_HAL_Driver/Src/stm32l4xx_hal_adc.o
 .debug_aranges
                0x0000000000000620      0x178 Drivers/STM32L4xx_HAL_Driver/Src/stm32l4xx_hal_adc_ex.o
 .debug_aranges
                0x0000000000000798      0x118 Drivers/STM32L4xx_HAL_Driver/Src/stm32l4xx_hal_cortex.o
 .debug_aranges
                0x00000000000008b0       0x80 Drivers/STM32L4xx_HAL_Driver/Src/stm32l4xx_hal_dma.o
 .debug_aranges
                0x0000000000000930       0x58 Drivers/STM32L4xx_HAL_Driver/Src/stm32l4xx_hal_gpio.o
 .debug_aranges
                0x0000000000000988      0x290 Drivers/STM32L4xx_HAL_Driver/Src/stm32l4xx_hal_i2c.o
 .debug_aranges
                0x0000000000000c18       0x48 Drivers/STM32L4xx_HAL_Driver/Src/stm32l4xx_hal_i2c_ex.o
 .debug_aranges
                0x0000000000000c60      0x168 Drivers/STM32L4xx_HAL_Driver/Src/stm32l4xx_hal_lptim.o
 .debug_aranges
                0x0000000000000dc8       0x98 Drivers/STM32L4xx_HAL_Driver/Src/stm32l4xx_hal_pwr.o
 .debug_aranges
                0x0000000000000e60      0x128 Drivers/STM32L4xx_HAL_Driver/Src/stm32l4xx_hal_pwr_ex.o
 .debug_aranges
                0x0000000000000f88       0x88 Drivers/STM32L4xx_HAL_Driver/Src/stm32l4xx_hal_rcc.o
 .debug_aranges
                0x0000000000001010       0xf0 Drivers/STM32L4xx_HAL_Driver/Src/stm32l4xx_hal_rcc_ex.o
 .debug_aranges
                0x0000000000001100       0xc0 Drivers/STM32L4xx_HAL_Driver/Src/stm32l4xx_hal_rtc.o
 .debug_aranges
                0x00000000000011c0      0x3e0 Drivers/STM32L4xx_HAL_Driver/Src/stm32l4xx_hal_tim.o
 .debug_aranges
                0x00000000000015a0      0x180 Drivers/STM32L4xx_HAL_Driver/Src/stm32l4xx_hal_tim_ex.o

.debug_ranges   0x0000000000000000     0x1548
 .debug_ranges  0x0000000000000000       0x20 Core/Src/adc.o
 .debug_ranges  0x0000000000000020       0x10 Core/Src/gpio.o
 .debug_ranges  0x0000000000000030       0x20 Core/Src/i2c.o
 .debug_ranges  0x0000000000000050       0x20 Core/Src/lptim.o
 .debug_ranges  0x0000000000000070       0x20 Core/Src/main.o
 .debug_ranges  0x0000000000000090       0x20 Core/Src/rtc.o
 .debug_ranges  0x00000000000000b0       0x10 Core/Src/stm32l4xx_hal_msp.o
 .debug_ranges  0x00000000000000c0       0x78 Core/Src/stm32l4xx_it.o
 .debug_ranges  0x0000000000000138       0x18 Core/Src/system_stm32l4xx.o
 .debug_ranges  0x0000000000000150       0x48 Core/Src/tim.o
 .debug_ranges  0x0000000000000198       0x10 Core/Src/application/PID.o
 .debug_ranges  0x00000000000001a8       0x28 Core/Src/application/ponte_h.o
 .debug_ranges  0x00000000000001d0       0x10 Core/Src/application/sensor_optico.o
 .debug_ranges  0x00000000000001e0       0x20 Core/Startup/startup_stm32l462retx.o
 .debug_ranges  0x0000000000000200      0x120 Drivers/STM32L4xx_HAL_Driver/Src/stm32l4xx_hal.o
 .debug_ranges  0x0000000000000320      0x208 Drivers/STM32L4xx_HAL_Driver/Src/stm32l4xx_hal_adc.o
 .debug_ranges  0x0000000000000528      0x168 Drivers/STM32L4xx_HAL_Driver/Src/stm32l4xx_hal_adc_ex.o
 .debug_ranges  0x0000000000000690      0x108 Drivers/STM32L4xx_HAL_Driver/Src/stm32l4xx_hal_cortex.o
 .debug_ranges  0x0000000000000798       0x70 Drivers/STM32L4xx_HAL_Driver/Src/stm32l4xx_hal_dma.o
 .debug_ranges  0x0000000000000808       0x48 Drivers/STM32L4xx_HAL_Driver/Src/stm32l4xx_hal_gpio.o
 .debug_ranges  0x0000000000000850      0x280 Drivers/STM32L4xx_HAL_Driver/Src/stm32l4xx_hal_i2c.o
 .debug_ranges  0x0000000000000ad0       0x38 Drivers/STM32L4xx_HAL_Driver/Src/stm32l4xx_hal_i2c_ex.o
 .debug_ranges  0x0000000000000b08      0x158 Drivers/STM32L4xx_HAL_Driver/Src/stm32l4xx_hal_lptim.o
 .debug_ranges  0x0000000000000c60       0x88 Drivers/STM32L4xx_HAL_Driver/Src/stm32l4xx_hal_pwr.o
 .debug_ranges  0x0000000000000ce8      0x118 Drivers/STM32L4xx_HAL_Driver/Src/stm32l4xx_hal_pwr_ex.o
 .debug_ranges  0x0000000000000e00       0x78 Drivers/STM32L4xx_HAL_Driver/Src/stm32l4xx_hal_rcc.o
 .debug_ranges  0x0000000000000e78       0xe0 Drivers/STM32L4xx_HAL_Driver/Src/stm32l4xx_hal_rcc_ex.o
 .debug_ranges  0x0000000000000f58       0xb0 Drivers/STM32L4xx_HAL_Driver/Src/stm32l4xx_hal_rtc.o
 .debug_ranges  0x0000000000001008      0x3d0 Drivers/STM32L4xx_HAL_Driver/Src/stm32l4xx_hal_tim.o
 .debug_ranges  0x00000000000013d8      0x170 Drivers/STM32L4xx_HAL_Driver/Src/stm32l4xx_hal_tim_ex.o

.debug_macro    0x0000000000000000    0x265d9
 .debug_macro   0x0000000000000000      0x224 Core/Src/adc.o
 .debug_macro   0x0000000000000224      0xa5a Core/Src/adc.o
 .debug_macro   0x0000000000000c7e      0x1b9 Core/Src/adc.o
 .debug_macro   0x0000000000000e37       0x2e Core/Src/adc.o
 .debug_macro   0x0000000000000e65       0x28 Core/Src/adc.o
 .debug_macro   0x0000000000000e8d       0x22 Core/Src/adc.o
 .debug_macro   0x0000000000000eaf       0x8e Core/Src/adc.o
 .debug_macro   0x0000000000000f3d       0x51 Core/Src/adc.o
 .debug_macro   0x0000000000000f8e       0xef Core/Src/adc.o
 .debug_macro   0x000000000000107d       0x6a Core/Src/adc.o
 .debug_macro   0x00000000000010e7      0x1df Core/Src/adc.o
 .debug_macro   0x00000000000012c6       0x1c Core/Src/adc.o
 .debug_macro   0x00000000000012e2       0x22 Core/Src/adc.o
 .debug_macro   0x0000000000001304      0x101 Core/Src/adc.o
 .debug_macro   0x0000000000001405     0x1011 Core/Src/adc.o
 .debug_macro   0x0000000000002416      0x11f Core/Src/adc.o
 .debug_macro   0x0000000000002535    0x166e7 Core/Src/adc.o
 .debug_macro   0x0000000000018c1c       0x43 Core/Src/adc.o
 .debug_macro   0x0000000000018c5f     0x3890 Core/Src/adc.o
 .debug_macro   0x000000000001c4ef      0x174 Core/Src/adc.o
 .debug_macro   0x000000000001c663       0x5c Core/Src/adc.o
 .debug_macro   0x000000000001c6bf     0x1401 Core/Src/adc.o
 .debug_macro   0x000000000001dac0      0x63f Core/Src/adc.o
 .debug_macro   0x000000000001e0ff      0x13d Core/Src/adc.o
 .debug_macro   0x000000000001e23c      0x168 Core/Src/adc.o
 .debug_macro   0x000000000001e3a4      0x26b Core/Src/adc.o
 .debug_macro   0x000000000001e60f      0x23d Core/Src/adc.o
 .debug_macro   0x000000000001e84c      0xdf4 Core/Src/adc.o
 .debug_macro   0x000000000001f640      0x624 Core/Src/adc.o
 .debug_macro   0x000000000001fc64      0x24f Core/Src/adc.o
 .debug_macro   0x000000000001feb3      0x241 Core/Src/adc.o
 .debug_macro   0x00000000000200f4      0x375 Core/Src/adc.o
 .debug_macro   0x0000000000020469       0xd6 Core/Src/adc.o
 .debug_macro   0x000000000002053f      0x22c Core/Src/adc.o
 .debug_macro   0x000000000002076b       0x61 Core/Src/adc.o
 .debug_macro   0x00000000000207cc       0xa5 Core/Src/adc.o
 .debug_macro   0x0000000000020871      0x2b6 Core/Src/adc.o
 .debug_macro   0x0000000000020b27      0x122 Core/Src/adc.o
 .debug_macro   0x0000000000020c49      0x365 Core/Src/adc.o
 .debug_macro   0x0000000000020fae      0x31a Core/Src/adc.o
 .debug_macro   0x00000000000212c8      0x4fb Core/Src/adc.o
 .debug_macro   0x00000000000217c3       0xe4 Core/Src/adc.o
 .debug_macro   0x00000000000218a7      0xa75 Core/Src/adc.o
 .debug_macro   0x000000000002231c      0x151 Core/Src/adc.o
 .debug_macro   0x000000000002246d      0x2ec Core/Src/adc.o
 .debug_macro   0x0000000000022759       0x28 Core/Src/adc.o
 .debug_macro   0x0000000000022781      0x224 Core/Src/gpio.o
 .debug_macro   0x00000000000229a5      0x224 Core/Src/i2c.o
 .debug_macro   0x0000000000022bc9      0x224 Core/Src/lptim.o
 .debug_macro   0x0000000000022ded      0x28d Core/Src/main.o
 .debug_macro   0x000000000002307a       0x40 Core/Src/main.o
 .debug_macro   0x00000000000230ba       0x4c Core/Src/main.o
 .debug_macro   0x0000000000023106       0x2e Core/Src/main.o
 .debug_macro   0x0000000000023134      0x224 Core/Src/rtc.o
 .debug_macro   0x0000000000023358      0x21a Core/Src/stm32l4xx_hal_msp.o
 .debug_macro   0x0000000000023572      0x224 Core/Src/stm32l4xx_it.o
 .debug_macro   0x0000000000023796      0x211 Core/Src/system_stm32l4xx.o
 .debug_macro   0x00000000000239a7      0x224 Core/Src/tim.o
 .debug_macro   0x0000000000023bcb      0x257 Core/Src/application/PID.o
 .debug_macro   0x0000000000023e22       0x3a Core/Src/application/PID.o
 .debug_macro   0x0000000000023e5c      0x223 Core/Src/application/ponte_h.o
 .debug_macro   0x000000000002407f      0x263 Core/Src/application/sensor_optico.o
 .debug_macro   0x00000000000242e2      0x259 Drivers/STM32L4xx_HAL_Driver/Src/stm32l4xx_hal.o
 .debug_macro   0x000000000002453b      0x228 Drivers/STM32L4xx_HAL_Driver/Src/stm32l4xx_hal_adc.o
 .debug_macro   0x0000000000024763      0x217 Drivers/STM32L4xx_HAL_Driver/Src/stm32l4xx_hal_adc_ex.o
 .debug_macro   0x000000000002497a      0x20b Drivers/STM32L4xx_HAL_Driver/Src/stm32l4xx_hal_cortex.o
 .debug_macro   0x0000000000024b85      0x20b Drivers/STM32L4xx_HAL_Driver/Src/stm32l4xx_hal_dma.o
 .debug_macro   0x0000000000024d90      0x24a Drivers/STM32L4xx_HAL_Driver/Src/stm32l4xx_hal_gpio.o
 .debug_macro   0x0000000000024fda      0x2d0 Drivers/STM32L4xx_HAL_Driver/Src/stm32l4xx_hal_i2c.o
 .debug_macro   0x00000000000252aa      0x20b Drivers/STM32L4xx_HAL_Driver/Src/stm32l4xx_hal_i2c_ex.o
 .debug_macro   0x00000000000254b5      0x221 Drivers/STM32L4xx_HAL_Driver/Src/stm32l4xx_hal_lptim.o
 .debug_macro   0x00000000000256d6      0x223 Drivers/STM32L4xx_HAL_Driver/Src/stm32l4xx_hal_pwr.o
 .debug_macro   0x00000000000258f9      0x22f Drivers/STM32L4xx_HAL_Driver/Src/stm32l4xx_hal_pwr_ex.o
 .debug_macro   0x0000000000025b28      0x24d Drivers/STM32L4xx_HAL_Driver/Src/stm32l4xx_hal_rcc.o
 .debug_macro   0x0000000000025d75      0x241 Drivers/STM32L4xx_HAL_Driver/Src/stm32l4xx_hal_rcc_ex.o
 .debug_macro   0x0000000000025fb6      0x20c Drivers/STM32L4xx_HAL_Driver/Src/stm32l4xx_hal_rtc.o
 .debug_macro   0x00000000000261c2      0x20c Drivers/STM32L4xx_HAL_Driver/Src/stm32l4xx_hal_tim.o
 .debug_macro   0x00000000000263ce      0x20b Drivers/STM32L4xx_HAL_Driver/Src/stm32l4xx_hal_tim_ex.o

.debug_line     0x0000000000000000    0x1505b
 .debug_line    0x0000000000000000      0x793 Core/Src/adc.o
 .debug_line    0x0000000000000793      0x75e Core/Src/gpio.o
 .debug_line    0x0000000000000ef1      0x78d Core/Src/i2c.o
 .debug_line    0x000000000000167e      0x793 Core/Src/lptim.o
 .debug_line    0x0000000000001e11      0x82c Core/Src/main.o
 .debug_line    0x000000000000263d      0x78a Core/Src/rtc.o
 .debug_line    0x0000000000002dc7      0x751 Core/Src/stm32l4xx_hal_msp.o
 .debug_line    0x0000000000003518      0x84f Core/Src/stm32l4xx_it.o
 .debug_line    0x0000000000003d67      0x77c Core/Src/system_stm32l4xx.o
 .debug_line    0x00000000000044e3      0x848 Core/Src/tim.o
 .debug_line    0x0000000000004d2b      0x799 Core/Src/application/PID.o
 .debug_line    0x00000000000054c4      0x7ad Core/Src/application/ponte_h.o
 .debug_line    0x0000000000005c71      0x7ae Core/Src/application/sensor_optico.o
 .debug_line    0x000000000000641f       0x87 Core/Startup/startup_stm32l462retx.o
 .debug_line    0x00000000000064a6      0x9f2 Drivers/STM32L4xx_HAL_Driver/Src/stm32l4xx_hal.o
 .debug_line    0x0000000000006e98     0x13cf Drivers/STM32L4xx_HAL_Driver/Src/stm32l4xx_hal_adc.o
 .debug_line    0x0000000000008267     0x1001 Drivers/STM32L4xx_HAL_Driver/Src/stm32l4xx_hal_adc_ex.o
 .debug_line    0x0000000000009268      0xa7a Drivers/STM32L4xx_HAL_Driver/Src/stm32l4xx_hal_cortex.o
 .debug_line    0x0000000000009ce2      0x975 Drivers/STM32L4xx_HAL_Driver/Src/stm32l4xx_hal_dma.o
 .debug_line    0x000000000000a657      0x8e1 Drivers/STM32L4xx_HAL_Driver/Src/stm32l4xx_hal_gpio.o
 .debug_line    0x000000000000af38     0x1b34 Drivers/STM32L4xx_HAL_Driver/Src/stm32l4xx_hal_i2c.o
 .debug_line    0x000000000000ca6c      0x895 Drivers/STM32L4xx_HAL_Driver/Src/stm32l4xx_hal_i2c_ex.o
 .debug_line    0x000000000000d301      0xc6d Drivers/STM32L4xx_HAL_Driver/Src/stm32l4xx_hal_lptim.o
 .debug_line    0x000000000000df6e      0x88c Drivers/STM32L4xx_HAL_Driver/Src/stm32l4xx_hal_pwr.o
 .debug_line    0x000000000000e7fa      0xa93 Drivers/STM32L4xx_HAL_Driver/Src/stm32l4xx_hal_pwr_ex.o
 .debug_line    0x000000000000f28d      0xa77 Drivers/STM32L4xx_HAL_Driver/Src/stm32l4xx_hal_rcc.o
 .debug_line    0x000000000000fd04      0xced Drivers/STM32L4xx_HAL_Driver/Src/stm32l4xx_hal_rcc_ex.o
 .debug_line    0x00000000000109f1      0xb00 Drivers/STM32L4xx_HAL_Driver/Src/stm32l4xx_hal_rtc.o
 .debug_line    0x00000000000114f1     0x2631 Drivers/STM32L4xx_HAL_Driver/Src/stm32l4xx_hal_tim.o
 .debug_line    0x0000000000013b22     0x1539 Drivers/STM32L4xx_HAL_Driver/Src/stm32l4xx_hal_tim_ex.o

.debug_str      0x0000000000000000    0xecae4
 .debug_str     0x0000000000000000    0xe5a89 Core/Src/adc.o
                                      0xe60da (size before relaxing)
 .debug_str     0x00000000000e5a89       0x46 Core/Src/gpio.o
                                      0xe57df (size before relaxing)
 .debug_str     0x00000000000e5acf      0x2b8 Core/Src/i2c.o
                                      0xe60b4 (size before relaxing)
 .debug_str     0x00000000000e5d87      0x1dd Core/Src/lptim.o
                                      0xe5e3c (size before relaxing)
 .debug_str     0x00000000000e5f64      0xfc0 Core/Src/main.o
                                      0xe70ff (size before relaxing)
 .debug_str     0x00000000000e6f24       0xd2 Core/Src/rtc.o
                                      0xe5a64 (size before relaxing)
 .debug_str     0x00000000000e6ff6       0x2c Core/Src/stm32l4xx_hal_msp.o
                                      0xe5744 (size before relaxing)
 .debug_str     0x00000000000e7022      0x105 Core/Src/stm32l4xx_it.o
                                      0xe62fb (size before relaxing)
 .debug_str     0x00000000000e7127       0xcd Core/Src/system_stm32l4xx.o
                                      0xe5742 (size before relaxing)
 .debug_str     0x00000000000e71f4      0x2cd Core/Src/tim.o
                                      0xe6403 (size before relaxing)
 .debug_str     0x00000000000e74c1       0x1e Core/Src/application/PID.o
                                      0xe5d92 (size before relaxing)
 .debug_str     0x00000000000e74df       0x67 Core/Src/application/ponte_h.o
                                      0xe5aa7 (size before relaxing)
 .debug_str     0x00000000000e7546       0x45 Core/Src/application/sensor_optico.o
                                      0xe6224 (size before relaxing)
 .debug_str     0x00000000000e758b       0x36 Core/Startup/startup_stm32l462retx.o
                                         0x89 (size before relaxing)
 .debug_str     0x00000000000e75c1      0x5a8 Drivers/STM32L4xx_HAL_Driver/Src/stm32l4xx_hal.o
                                      0xe6190 (size before relaxing)
 .debug_str     0x00000000000e7b69      0x9bb Drivers/STM32L4xx_HAL_Driver/Src/stm32l4xx_hal_adc.o
                                      0xe6478 (size before relaxing)
 .debug_str     0x00000000000e8524      0x614 Drivers/STM32L4xx_HAL_Driver/Src/stm32l4xx_hal_adc_ex.o
                                      0xe631f (size before relaxing)
 .debug_str     0x00000000000e8b38      0x384 Drivers/STM32L4xx_HAL_Driver/Src/stm32l4xx_hal_cortex.o
                                      0xe5ef6 (size before relaxing)
 .debug_str     0x00000000000e8ebc      0x258 Drivers/STM32L4xx_HAL_Driver/Src/stm32l4xx_hal_dma.o
                                      0xe5990 (size before relaxing)
 .debug_str     0x00000000000e9114      0x236 Drivers/STM32L4xx_HAL_Driver/Src/stm32l4xx_hal_gpio.o
                                      0xe59bc (size before relaxing)
 .debug_str     0x00000000000e934a      0xd3e Drivers/STM32L4xx_HAL_Driver/Src/stm32l4xx_hal_i2c.o
                                      0xe6849 (size before relaxing)
 .debug_str     0x00000000000ea088       0xb8 Drivers/STM32L4xx_HAL_Driver/Src/stm32l4xx_hal_i2c_ex.o
                                      0xe5c4b (size before relaxing)
 .debug_str     0x00000000000ea140      0x5b8 Drivers/STM32L4xx_HAL_Driver/Src/stm32l4xx_hal_lptim.o
                                      0xe5eae (size before relaxing)
 .debug_str     0x00000000000ea6f8      0x2cf Drivers/STM32L4xx_HAL_Driver/Src/stm32l4xx_hal_pwr.o
                                      0xe5a38 (size before relaxing)
 .debug_str     0x00000000000ea9c7      0x3ec Drivers/STM32L4xx_HAL_Driver/Src/stm32l4xx_hal_pwr_ex.o
                                      0xe5bde (size before relaxing)
 .debug_str     0x00000000000eadb3      0x38a Drivers/STM32L4xx_HAL_Driver/Src/stm32l4xx_hal_rcc.o
                                      0xe5cbe (size before relaxing)
 .debug_str     0x00000000000eb13d      0x515 Drivers/STM32L4xx_HAL_Driver/Src/stm32l4xx_hal_rcc_ex.o
                                      0xe5f9a (size before relaxing)
 .debug_str     0x00000000000eb652      0x221 Drivers/STM32L4xx_HAL_Driver/Src/stm32l4xx_hal_rtc.o
                                      0xe5b04 (size before relaxing)
 .debug_str     0x00000000000eb873      0xd17 Drivers/STM32L4xx_HAL_Driver/Src/stm32l4xx_hal_tim.o
                                      0xe69c0 (size before relaxing)
 .debug_str     0x00000000000ec58a      0x55a Drivers/STM32L4xx_HAL_Driver/Src/stm32l4xx_hal_tim_ex.o
                                      0xe62b4 (size before relaxing)

.comment        0x0000000000000000       0x7b
 .comment       0x0000000000000000       0x7b Core/Src/adc.o
                                         0x7c (size before relaxing)
 .comment       0x000000000000007b       0x7c Core/Src/gpio.o
 .comment       0x000000000000007b       0x7c Core/Src/i2c.o
 .comment       0x000000000000007b       0x7c Core/Src/lptim.o
 .comment       0x000000000000007b       0x7c Core/Src/main.o
 .comment       0x000000000000007b       0x7c Core/Src/rtc.o
 .comment       0x000000000000007b       0x7c Core/Src/stm32l4xx_hal_msp.o
 .comment       0x000000000000007b       0x7c Core/Src/stm32l4xx_it.o
 .comment       0x000000000000007b       0x7c Core/Src/system_stm32l4xx.o
 .comment       0x000000000000007b       0x7c Core/Src/tim.o
 .comment       0x000000000000007b       0x7c Core/Src/application/PID.o
 .comment       0x000000000000007b       0x7c Core/Src/application/ponte_h.o
 .comment       0x000000000000007b       0x7c Core/Src/application/sensor_optico.o
 .comment       0x000000000000007b       0x7c Drivers/STM32L4xx_HAL_Driver/Src/stm32l4xx_hal.o
 .comment       0x000000000000007b       0x7c Drivers/STM32L4xx_HAL_Driver/Src/stm32l4xx_hal_adc.o
 .comment       0x000000000000007b       0x7c Drivers/STM32L4xx_HAL_Driver/Src/stm32l4xx_hal_adc_ex.o
 .comment       0x000000000000007b       0x7c Drivers/STM32L4xx_HAL_Driver/Src/stm32l4xx_hal_cortex.o
 .comment       0x000000000000007b       0x7c Drivers/STM32L4xx_HAL_Driver/Src/stm32l4xx_hal_dma.o
 .comment       0x000000000000007b       0x7c Drivers/STM32L4xx_HAL_Driver/Src/stm32l4xx_hal_gpio.o
 .comment       0x000000000000007b       0x7c Drivers/STM32L4xx_HAL_Driver/Src/stm32l4xx_hal_i2c.o
 .comment       0x000000000000007b       0x7c Drivers/STM32L4xx_HAL_Driver/Src/stm32l4xx_hal_i2c_ex.o
 .comment       0x000000000000007b       0x7c Drivers/STM32L4xx_HAL_Driver/Src/stm32l4xx_hal_lptim.o
 .comment       0x000000000000007b       0x7c Drivers/STM32L4xx_HAL_Driver/Src/stm32l4xx_hal_pwr.o
 .comment       0x000000000000007b       0x7c Drivers/STM32L4xx_HAL_Driver/Src/stm32l4xx_hal_pwr_ex.o
 .comment       0x000000000000007b       0x7c Drivers/STM32L4xx_HAL_Driver/Src/stm32l4xx_hal_rcc.o
 .comment       0x000000000000007b       0x7c Drivers/STM32L4xx_HAL_Driver/Src/stm32l4xx_hal_rcc_ex.o
 .comment       0x000000000000007b       0x7c Drivers/STM32L4xx_HAL_Driver/Src/stm32l4xx_hal_rtc.o
 .comment       0x000000000000007b       0x7c Drivers/STM32L4xx_HAL_Driver/Src/stm32l4xx_hal_tim.o
 .comment       0x000000000000007b       0x7c Drivers/STM32L4xx_HAL_Driver/Src/stm32l4xx_hal_tim_ex.o

.debug_frame    0x0000000000000000     0x6000
 .debug_frame   0x0000000000000000       0x7c Core/Src/adc.o
 .debug_frame   0x000000000000007c       0x34 Core/Src/gpio.o
 .debug_frame   0x00000000000000b0       0x74 Core/Src/i2c.o
 .debug_frame   0x0000000000000124       0x74 Core/Src/lptim.o
 .debug_frame   0x0000000000000198       0x78 Core/Src/main.o
 .debug_frame   0x0000000000000210       0x84 Core/Src/rtc.o
 .debug_frame   0x0000000000000294       0x38 Core/Src/stm32l4xx_hal_msp.o
 .debug_frame   0x00000000000002cc      0x198 Core/Src/stm32l4xx_it.o
 .debug_frame   0x0000000000000464       0x58 Core/Src/system_stm32l4xx.o
 .debug_frame   0x00000000000004bc      0x13c Core/Src/tim.o
 .debug_frame   0x00000000000005f8       0x38 Core/Src/application/PID.o
 .debug_frame   0x0000000000000630       0x98 Core/Src/application/ponte_h.o
 .debug_frame   0x00000000000006c8       0x38 Core/Src/application/sensor_optico.o
 .debug_frame   0x0000000000000700      0x498 Drivers/STM32L4xx_HAL_Driver/Src/stm32l4xx_hal.o
 .debug_frame   0x0000000000000b98      0x9d8 Drivers/STM32L4xx_HAL_Driver/Src/stm32l4xx_hal_adc.o
 .debug_frame   0x0000000000001570      0x6b4 Drivers/STM32L4xx_HAL_Driver/Src/stm32l4xx_hal_adc_ex.o
 .debug_frame   0x0000000000001c24      0x498 Drivers/STM32L4xx_HAL_Driver/Src/stm32l4xx_hal_cortex.o
 .debug_frame   0x00000000000020bc      0x204 Drivers/STM32L4xx_HAL_Driver/Src/stm32l4xx_hal_dma.o
 .debug_frame   0x00000000000022c0      0x14c Drivers/STM32L4xx_HAL_Driver/Src/stm32l4xx_hal_gpio.o
 .debug_frame   0x000000000000240c      0xbe8 Drivers/STM32L4xx_HAL_Driver/Src/stm32l4xx_hal_i2c.o
 .debug_frame   0x0000000000002ff4      0x100 Drivers/STM32L4xx_HAL_Driver/Src/stm32l4xx_hal_i2c_ex.o
 .debug_frame   0x00000000000030f4      0x630 Drivers/STM32L4xx_HAL_Driver/Src/stm32l4xx_hal_lptim.o
 .debug_frame   0x0000000000003724      0x230 Drivers/STM32L4xx_HAL_Driver/Src/stm32l4xx_hal_pwr.o
 .debug_frame   0x0000000000003954      0x4a4 Drivers/STM32L4xx_HAL_Driver/Src/stm32l4xx_hal_pwr_ex.o
 .debug_frame   0x0000000000003df8      0x1f4 Drivers/STM32L4xx_HAL_Driver/Src/stm32l4xx_hal_rcc.o
 .debug_frame   0x0000000000003fec      0x3d0 Drivers/STM32L4xx_HAL_Driver/Src/stm32l4xx_hal_rcc_ex.o
 .debug_frame   0x00000000000043bc      0x32c Drivers/STM32L4xx_HAL_Driver/Src/stm32l4xx_hal_rtc.o
 .debug_frame   0x00000000000046e8     0x121c Drivers/STM32L4xx_HAL_Driver/Src/stm32l4xx_hal_tim.o
 .debug_frame   0x0000000000005904      0x6b0 Drivers/STM32L4xx_HAL_Driver/Src/stm32l4xx_hal_tim_ex.o
 .debug_frame   0x0000000000005fb4       0x2c c:/st/stm32cubeide_1.4.0/stm32cubeide/plugins/com.st.stm32cube.ide.mcu.externaltools.gnu-tools-for-stm32.7-2018-q2-update.win32_1.4.0.202007081208/tools/bin/../lib/gcc/arm-none-eabi/7.3.1/../../../../arm-none-eabi/lib/thumb/v7e-m/fpv4-sp/hard\libc_nano.a(lib_a-init.o)
 .debug_frame   0x0000000000005fe0       0x20 c:/st/stm32cubeide_1.4.0/stm32cubeide/plugins/com.st.stm32cube.ide.mcu.externaltools.gnu-tools-for-stm32.7-2018-q2-update.win32_1.4.0.202007081208/tools/bin/../lib/gcc/arm-none-eabi/7.3.1/../../../../arm-none-eabi/lib/thumb/v7e-m/fpv4-sp/hard\libc_nano.a(lib_a-memset.o)
